******************************************************************************
                  TI ARM Linker Unix v20.2.7                   
******************************************************************************
>> Linked Mon Nov 25 15:26:32 2024

OUTPUT FILE NAME:   <rtos_project.out>
ENTRY POINT SYMBOL: "_c_int00_noargs"  address: 0000532d


MEMORY CONFIGURATION

         name            origin    length      used     unused   attr    fill
----------------------  --------  ---------  --------  --------  ----  --------
  FLASH                 00000000   00040000  00005454  0003abac  R  X
  SRAM                  20000000   00008000  00000696  0000796a  RW X


SEGMENT ALLOCATION MAP

run origin  load origin   length   init length attrs members
----------  ----------- ---------- ----------- ----- -------
00000000    00000000    00005458   00005458    r-x
  00000000    00000000    0000026c   0000026c    r-- .intvecs
  0000026c    0000026c    000051b0   000051b0    r-x .text
  00005420    00005420    00000038   00000038    r-- .cinit
20000000    20000000    0000069a   00000000    rw-
  20000000    20000000    00000464   00000000    rw- .bss
  20000468    20000468    00000200   00000000    rw- .stack
  20000668    20000668    00000032   00000000    rw- .data


SECTION ALLOCATION MAP

 output                                  attributes/
section   page    origin      length       input sections
--------  ----  ----------  ----------   ----------------
.intvecs   0    00000000    0000026c     
                  00000000    0000026c     tm4c123gh6pm_startup_ccs.obj (.intvecs)

.text      0    0000026c    000051b0     
                  0000026c    00001ef4     kernel.obj (.text)
                  00002160    00000da8     mm.obj (.text)
                  00002f08    00000898     shell.obj (.text)
                  000037a0    00000808     gpio.obj (.text)
                  00003fa8    0000044c     tasks.obj (.text)
                  000043f4    00000434     faults.obj (.text)
                  00004828    00000298     rtos.obj (.text)
                  00004ac0    00000272     c_fnc.obj (.text)
                  00004d32    000001b6     rtsv7M4_T_le_v4SPD16_eabi.lib : fd_add_t2.asm.obj (.text)
                  00004ee8    00000164     uart0.obj (.text)
                  0000504c    000000d8     asm_src.obj (.text)
                  00005124    0000009c     rtsv7M4_T_le_v4SPD16_eabi.lib : memcpy_t2.asm.obj (.text)
                  000051c0    0000007a                                   : memset_t2.asm.obj (.text)
                  0000523a    00000068                                   : copy_decompress_lzss.c.obj (.text:decompress:lzss:__TI_decompress_lzss)
                  000052a2    00000002     --HOLE-- [fill = 0]
                  000052a4    00000044                                   : autoinit.c.obj (.text:__TI_auto_init_nobinit_nopinit:__TI_auto_init_nobinit_nopinit)
                  000052e8    00000044                                   : fd_tou_t2.asm.obj (.text)
                  0000532c    00000034                                   : boot_cortex_m.c.obj (.text:_c_int00_noargs:_c_int00_noargs)
                  00005360    00000024     wait.obj (.text)
                  00005384    00000020     rtsv7M4_T_le_v4SPD16_eabi.lib : u_tofd_t2.asm.obj (.text)
                  000053a4    0000001e                                   : ll_lsl_t2.asm.obj (.text)
                  000053c2    0000001e                                   : ll_lsr_t2.asm.obj (.text)
                  000053e0    00000010     clock.obj (.text)
                  000053f0    0000000e     rtsv7M4_T_le_v4SPD16_eabi.lib : copy_decompress_none.c.obj (.text:decompress:none:__TI_decompress_none)
                  000053fe    0000000c                                   : copy_zero_init.c.obj (.text:decompress:ZI:__TI_zero_init)
                  0000540a    0000000a     tm4c123gh6pm_startup_ccs.obj (.text)
                  00005414    00000004     rtsv7M4_T_le_v4SPD16_eabi.lib : pre_init.c.obj (.text:_system_pre_init)
                  00005418    00000004                                   : exit.c.obj (.text:abort:abort)

.cinit     0    00005420    00000038     
                  00005420    00000012     (.cinit..data.load) [load image, compression = lzss]
                  00005432    00000002     --HOLE-- [fill = 0]
                  00005434    0000000c     (__TI_handler_table)
                  00005440    00000008     (.cinit..bss.load) [load image, compression = zero_init]
                  00005448    00000010     (__TI_cinit_table)

.init_array 
*          0    00000000    00000000     UNINITIALIZED

.bss       0    20000000    00000464     UNINITIALIZED
                  20000000    00000360     (.common:tcb)
                  20000360    000000f0     (.common:allocatedData)
                  20000450    0000000c     (.common:semaphores)
                  2000045c    00000008     (.common:mutexes)

.data      0    20000668    00000032     UNINITIALIZED
                  20000668    00000011     kernel.obj (.data)
                  20000679    00000010     kernel.obj (.data:priorityTaskCounter$2)
                  20000689    00000007     --HOLE--
                  20000690    0000000a     mm.obj (.data)

.stack     0    20000468    00000200     UNINITIALIZED
                  20000468    00000004     rtsv7M4_T_le_v4SPD16_eabi.lib : boot_cortex_m.c.obj (.stack)
                  2000046c    000001fc     --HOLE--

__llvm_prf_cnts 
*          0    20000000    00000000     UNINITIALIZED

MODULE SUMMARY

       Module                         code    ro data   rw data
       ------                         ----    -------   -------
    ./
       kernel.obj                     7924    0         1157   
       mm.obj                         3496    0         10     
       shell.obj                      2200    0         0      
       gpio.obj                       2056    0         0      
       tasks.obj                      1100    0         0      
       faults.obj                     1076    0         0      
       rtos.obj                       664     0         0      
       tm4c123gh6pm_startup_ccs.obj   10      620       0      
       c_fnc.obj                      626     0         0      
       uart0.obj                      356     0         0      
       asm_src.obj                    216     0         0      
       wait.obj                       36      0         0      
       clock.obj                      16      0         0      
    +--+------------------------------+-------+---------+---------+
       Total:                         19776   620       1167   
                                                               
    /home/deep/ti/ccs1240/ccs/tools/compiler/ti-cgt-arm_20.2.7.LTS/lib/rtsv7M4_T_le_v4SPD16_eabi.lib
       fd_add_t2.asm.obj              438     0         0      
       memcpy_t2.asm.obj              156     0         0      
       memset_t2.asm.obj              122     0         0      
       copy_decompress_lzss.c.obj     104     0         0      
       autoinit.c.obj                 68      0         0      
       fd_tou_t2.asm.obj              68      0         0      
       boot_cortex_m.c.obj            52      0         0      
       u_tofd_t2.asm.obj              32      0         0      
       ll_lsl_t2.asm.obj              30      0         0      
       ll_lsr_t2.asm.obj              30      0         0      
       copy_decompress_none.c.obj     14      0         0      
       copy_zero_init.c.obj           12      0         0      
       exit.c.obj                     4       0         0      
       pre_init.c.obj                 4       0         0      
    +--+------------------------------+-------+---------+---------+
       Total:                         1134    0         0      
                                                               
       Stack:                         0       0         512    
       Linker Generated:              0       54        0      
    +--+------------------------------+-------+---------+---------+
       Grand Total:                   20910   674       1679   


LINKER GENERATED COPY TABLES

__TI_cinit_table @ 00005448 records: 2, size/record: 8, table size: 16
	.data: load addr=00005420, load size=00000012 bytes, run addr=20000668, run size=00000032 bytes, compression=lzss
	.bss: load addr=00005440, load size=00000008 bytes, run addr=20000000, run size=00000464 bytes, compression=zero_init


LINKER GENERATED HANDLER TABLE

__TI_handler_table @ 00005434 records: 3, size/record: 4, table size: 12
	index: 0, handler: __TI_decompress_lzss
	index: 1, handler: __TI_decompress_none
	index: 2, handler: __TI_zero_init


GLOBAL SYMBOLS: SORTED ALPHABETICALLY BY Name 

address   name                          
-------   ----                          
00005419  C$$EXIT                       
0000540b  ResetISR                      
20000668  __STACK_END                   
00000200  __STACK_SIZE                  
20000668  __STACK_TOP                   
00005448  __TI_CINIT_Base               
00005458  __TI_CINIT_Limit              
00005434  __TI_Handler_Table_Base       
00005440  __TI_Handler_Table_Limit      
000052a5  __TI_auto_init_nobinit_nopinit
0000523b  __TI_decompress_lzss          
000053f1  __TI_decompress_none          
ffffffff  __TI_pprof_out_hndl           
ffffffff  __TI_prof_data_size           
ffffffff  __TI_prof_data_start          
00000000  __TI_static_base__            
000053ff  __TI_zero_init                
000052e9  __aeabi_d2uiz                 
00004d3d  __aeabi_dadd                  
00004d33  __aeabi_dsub                  
000053a5  __aeabi_llsl                  
000053c3  __aeabi_llsr                  
000051c1  __aeabi_memclr                
000051c1  __aeabi_memclr4               
000051c1  __aeabi_memclr8               
00005125  __aeabi_memcpy                
00005125  __aeabi_memcpy4               
00005125  __aeabi_memcpy8               
000051c3  __aeabi_memset                
000051c3  __aeabi_memset4               
000051c3  __aeabi_memset8               
00005385  __aeabi_ui2d                  
ffffffff  __binit__                     
ffffffff  __c_args__                    
UNDEFED   __mpu_init                    
20000468  __stack                       
20000000  __start___llvm_prf_cnts       
20000000  __stop___llvm_prf_cnts        
0000532d  _c_int00_noargs               
UNDEFED   _system_post_cinit            
00005415  _system_pre_init              
00005419  abort                         
00002e69  addAllocation                 
0000256b  addSramAccessWindow           
20000360  allocatedData                 
000024d9  allowFlashAccess              
000024ed  allowPeripheralAccess         
000025ef  applySramAccessMask           
ffffffff  binit                         
000046f5  busFaultIsr                   
0000267d  calculateBlockRequired        
00002d15  calculateIndex                
00003df5  clearPinInterrupt             
2000066e  clockCounter                  
00002561  createNoSramAccessMask        
00000559  createThread                  
00004339  debounce                      
00003dd1  disablePinInterrupt           
00003b09  disablePinPulldown            
00003ac1  disablePinPullup              
0000385d  disablePort                   
00003dad  enablePinInterrupt            
00003ae5  enablePinPulldown             
00003a93  enablePinPullup               
000037a1  enablePort                    
20000674  endTimer                      
00004399  errant                        
0000278d  findConsecutiveSpace          
0000417d  flash4Hz                      
00002395  freeToHeap                    
00000000  g_pfnVectors                  
00000b7d  getCurrentPid                 
0000369f  getFieldInteger               
0000365d  getFieldString                
00002edf  getFreeSpace                  
000026dd  getMallocAddr                 
00005073  getMsp                        
00003e63  getPinValue                   
00003f19  getPortValue                  
0000506d  getPsp                        
00005079  getStackDump                  
00004fe9  getcUart0                     
0000505b  goThreadMode                  
000050bb  goUserMode                    
00004581  hardFaultIsr                  
00004c8f  hexStringToUint32             
00004135  idle                          
00004159  idleDos                       
000043b7  important                     
00003fa9  initHw                        
0000026d  initMutex                     
0000030d  initRtos                      
000002c3  initSemaphore                 
000053e1  initSystemClockTo40Mhz        
00004ee9  initUart0                     
00003219  ipcs                          
0000372d  isCommand                     
00004ffd  kbhitUart0                    
000031f9  kill                          
00000bf5  killThread                    
000041e1  lengthyFn                     
00000761  lock                          
00004855  main                          
00002161  mallocFromHeap                
00000715  mallocRequest                 
00005125  memcpy                        
000051c9  memset                        
000043f5  mpuFaultIsr                   
2000045c  mutexes                       
00004b99  numToStr                      
000041ab  oneshot                       
000034e3  parseFields                   
000041d1  partOfLengthyFn               
000008f9  pendSvIsr                     
000031bd  pi                            
00000b31  pidOfTask                     
00003131  pidof                         
2000066d  pingPong                      
00003117  pkill                         
00000791  post                          
00003193  preempt                       
2000066c  preemption                    
2000066b  priorityInheritance           
2000066a  priorityScheduler             
00003267  ps                            
00004fa1  putcUart0                     
00004fbd  putsUart0                     
00004281  readKeys                      
000040a3  readPbs                       
0000511f  reg0                          
0000310b  resetTask                     
00000729  restartThread                 
000050f5  restoreRegs                   
0000038f  rtosScheduler                 
000050c9  runFn                         
00003169  sched                         
000039c7  selectPinAnalogInput          
00003979  selectPinDigitalInput         
00003ce3  selectPinInterruptBothEdges   
00003c93  selectPinInterruptFallingEdge 
00003d39  selectPinInterruptHighLevel   
00003d73  selectPinInterruptLowLevel    
00003c43  selectPinInterruptRisingEdge  
0000392b  selectPinOpenDrainOutput      
000038dd  selectPinPushPullOutput       
20000450  semaphores                    
00005119  setExecpLr                    
00003b31  setPinAuxFunction             
00003a17  setPinCommitControl           
00003e19  setPinValue                   
00003ea1  setPortValue                  
00005055  setPsp                        
00005121  setR1                         
00000741  setThreadPriority             
00004f5d  setUart0BaudRate              
00002503  setupSramAccess               
00002f09  shell                         
00000755  sleep                         
0000050d  startRtos                     
20000670  startTimer                    
00000735  stopThread                    
00005103  storeRegs                     
00004ac1  strCmp                        
00004b55  strCpy                        
20000690  subregionUseData              
00000f6d  svCallIsr                     
000007a9  systickIsr                    
20000669  taskCount                     
20000668  taskCurrent                   
20000000  tcb                           
00004829  timer4A                       
00003e3f  togglePinValue                
00004c37  uint32ToHexString             
0000437b  uncooperative                 
00000775  unlock                        
00004709  usageFaultIsr                 
20000698  usedSpace                     
00000783  wait                          
00005361  waitMicrosecond               
00000751  yield                         


GLOBAL SYMBOLS: SORTED BY Symbol Address 

address   name                          
-------   ----                          
00000000  __TI_static_base__            
00000000  g_pfnVectors                  
00000200  __STACK_SIZE                  
0000026d  initMutex                     
000002c3  initSemaphore                 
0000030d  initRtos                      
0000038f  rtosScheduler                 
0000050d  startRtos                     
00000559  createThread                  
00000715  mallocRequest                 
00000729  restartThread                 
00000735  stopThread                    
00000741  setThreadPriority             
00000751  yield                         
00000755  sleep                         
00000761  lock                          
00000775  unlock                        
00000783  wait                          
00000791  post                          
000007a9  systickIsr                    
000008f9  pendSvIsr                     
00000b31  pidOfTask                     
00000b7d  getCurrentPid                 
00000bf5  killThread                    
00000f6d  svCallIsr                     
00002161  mallocFromHeap                
00002395  freeToHeap                    
000024d9  allowFlashAccess              
000024ed  allowPeripheralAccess         
00002503  setupSramAccess               
00002561  createNoSramAccessMask        
0000256b  addSramAccessWindow           
000025ef  applySramAccessMask           
0000267d  calculateBlockRequired        
000026dd  getMallocAddr                 
0000278d  findConsecutiveSpace          
00002d15  calculateIndex                
00002e69  addAllocation                 
00002edf  getFreeSpace                  
00002f09  shell                         
0000310b  resetTask                     
00003117  pkill                         
00003131  pidof                         
00003169  sched                         
00003193  preempt                       
000031bd  pi                            
000031f9  kill                          
00003219  ipcs                          
00003267  ps                            
000034e3  parseFields                   
0000365d  getFieldString                
0000369f  getFieldInteger               
0000372d  isCommand                     
000037a1  enablePort                    
0000385d  disablePort                   
000038dd  selectPinPushPullOutput       
0000392b  selectPinOpenDrainOutput      
00003979  selectPinDigitalInput         
000039c7  selectPinAnalogInput          
00003a17  setPinCommitControl           
00003a93  enablePinPullup               
00003ac1  disablePinPullup              
00003ae5  enablePinPulldown             
00003b09  disablePinPulldown            
00003b31  setPinAuxFunction             
00003c43  selectPinInterruptRisingEdge  
00003c93  selectPinInterruptFallingEdge 
00003ce3  selectPinInterruptBothEdges   
00003d39  selectPinInterruptHighLevel   
00003d73  selectPinInterruptLowLevel    
00003dad  enablePinInterrupt            
00003dd1  disablePinInterrupt           
00003df5  clearPinInterrupt             
00003e19  setPinValue                   
00003e3f  togglePinValue                
00003e63  getPinValue                   
00003ea1  setPortValue                  
00003f19  getPortValue                  
00003fa9  initHw                        
000040a3  readPbs                       
00004135  idle                          
00004159  idleDos                       
0000417d  flash4Hz                      
000041ab  oneshot                       
000041d1  partOfLengthyFn               
000041e1  lengthyFn                     
00004281  readKeys                      
00004339  debounce                      
0000437b  uncooperative                 
00004399  errant                        
000043b7  important                     
000043f5  mpuFaultIsr                   
00004581  hardFaultIsr                  
000046f5  busFaultIsr                   
00004709  usageFaultIsr                 
00004829  timer4A                       
00004855  main                          
00004ac1  strCmp                        
00004b55  strCpy                        
00004b99  numToStr                      
00004c37  uint32ToHexString             
00004c8f  hexStringToUint32             
00004d33  __aeabi_dsub                  
00004d3d  __aeabi_dadd                  
00004ee9  initUart0                     
00004f5d  setUart0BaudRate              
00004fa1  putcUart0                     
00004fbd  putsUart0                     
00004fe9  getcUart0                     
00004ffd  kbhitUart0                    
00005055  setPsp                        
0000505b  goThreadMode                  
0000506d  getPsp                        
00005073  getMsp                        
00005079  getStackDump                  
000050bb  goUserMode                    
000050c9  runFn                         
000050f5  restoreRegs                   
00005103  storeRegs                     
00005119  setExecpLr                    
0000511f  reg0                          
00005121  setR1                         
00005125  __aeabi_memcpy                
00005125  __aeabi_memcpy4               
00005125  __aeabi_memcpy8               
00005125  memcpy                        
000051c1  __aeabi_memclr                
000051c1  __aeabi_memclr4               
000051c1  __aeabi_memclr8               
000051c3  __aeabi_memset                
000051c3  __aeabi_memset4               
000051c3  __aeabi_memset8               
000051c9  memset                        
0000523b  __TI_decompress_lzss          
000052a5  __TI_auto_init_nobinit_nopinit
000052e9  __aeabi_d2uiz                 
0000532d  _c_int00_noargs               
00005361  waitMicrosecond               
00005385  __aeabi_ui2d                  
000053a5  __aeabi_llsl                  
000053c3  __aeabi_llsr                  
000053e1  initSystemClockTo40Mhz        
000053f1  __TI_decompress_none          
000053ff  __TI_zero_init                
0000540b  ResetISR                      
00005415  _system_pre_init              
00005419  C$$EXIT                       
00005419  abort                         
00005434  __TI_Handler_Table_Base       
00005440  __TI_Handler_Table_Limit      
00005448  __TI_CINIT_Base               
00005458  __TI_CINIT_Limit              
20000000  __start___llvm_prf_cnts       
20000000  __stop___llvm_prf_cnts        
20000000  tcb                           
20000360  allocatedData                 
20000450  semaphores                    
2000045c  mutexes                       
20000468  __stack                       
20000668  __STACK_END                   
20000668  __STACK_TOP                   
20000668  taskCurrent                   
20000669  taskCount                     
2000066a  priorityScheduler             
2000066b  priorityInheritance           
2000066c  preemption                    
2000066d  pingPong                      
2000066e  clockCounter                  
20000670  startTimer                    
20000674  endTimer                      
20000690  subregionUseData              
20000698  usedSpace                     
ffffffff  __TI_pprof_out_hndl           
ffffffff  __TI_prof_data_size           
ffffffff  __TI_prof_data_start          
ffffffff  __binit__                     
ffffffff  __c_args__                    
ffffffff  binit                         
UNDEFED   __mpu_init                    
UNDEFED   _system_post_cinit            

[180 symbols]
