<?xml version="1.0" encoding="ISO-8859-1" ?>
<link_info>
   <banner>TI ARM Linker Unix v20.2.7.LTS</banner>
   <copyright>Copyright (c) 1996-2018 Texas Instruments Incorporated</copyright>
   <link_time>0x67188f1a</link_time>
   <link_errors>0x0</link_errors>
   <output_file>rtos_project.out</output_file>
   <entry_point>
      <name>_c_int00_noargs</name>
      <address>0x31d5</address>
   </entry_point>
   <input_file_list>
      <input_file id="fl-1">
         <path>./</path>
         <kind>object</kind>
         <file>asm_src.obj</file>
         <name>asm_src.obj</name>
      </input_file>
      <input_file id="fl-2">
         <path>./</path>
         <kind>object</kind>
         <file>c_fnc.obj</file>
         <name>c_fnc.obj</name>
      </input_file>
      <input_file id="fl-3">
         <path>./</path>
         <kind>object</kind>
         <file>clock.obj</file>
         <name>clock.obj</name>
      </input_file>
      <input_file id="fl-4">
         <path>./</path>
         <kind>object</kind>
         <file>faults.obj</file>
         <name>faults.obj</name>
      </input_file>
      <input_file id="fl-5">
         <path>./</path>
         <kind>object</kind>
         <file>gpio.obj</file>
         <name>gpio.obj</name>
      </input_file>
      <input_file id="fl-6">
         <path>./</path>
         <kind>object</kind>
         <file>kernel.obj</file>
         <name>kernel.obj</name>
      </input_file>
      <input_file id="fl-7">
         <path>./</path>
         <kind>object</kind>
         <file>mm.obj</file>
         <name>mm.obj</name>
      </input_file>
      <input_file id="fl-8">
         <path>./</path>
         <kind>object</kind>
         <file>rtos.obj</file>
         <name>rtos.obj</name>
      </input_file>
      <input_file id="fl-9">
         <path>./</path>
         <kind>object</kind>
         <file>shell.obj</file>
         <name>shell.obj</name>
      </input_file>
      <input_file id="fl-a">
         <path>./</path>
         <kind>object</kind>
         <file>tasks.obj</file>
         <name>tasks.obj</name>
      </input_file>
      <input_file id="fl-b">
         <path>./</path>
         <kind>object</kind>
         <file>tm4c123gh6pm_startup_ccs.obj</file>
         <name>tm4c123gh6pm_startup_ccs.obj</name>
      </input_file>
      <input_file id="fl-c">
         <path>./</path>
         <kind>object</kind>
         <file>uart0.obj</file>
         <name>uart0.obj</name>
      </input_file>
      <input_file id="fl-d">
         <path>./</path>
         <kind>object</kind>
         <file>wait.obj</file>
         <name>wait.obj</name>
      </input_file>
      <input_file id="fl-11">
         <kind>object</kind>
         <file>&lt;internal&gt;</file>
         <name>&lt;internal&gt;</name>
      </input_file>
      <input_file id="fl-c7">
         <path>/home/deep/ti/ccs1240/ccs/tools/compiler/ti-cgt-arm_20.2.7.LTS/lib/</path>
         <kind>archive</kind>
         <file>rtsv7M4_T_le_v4SPD16_eabi.lib</file>
         <name>ll_lsl_t2.asm.obj</name>
      </input_file>
      <input_file id="fl-c8">
         <path>/home/deep/ti/ccs1240/ccs/tools/compiler/ti-cgt-arm_20.2.7.LTS/lib/</path>
         <kind>archive</kind>
         <file>rtsv7M4_T_le_v4SPD16_eabi.lib</file>
         <name>ll_lsr_t2.asm.obj</name>
      </input_file>
      <input_file id="fl-c9">
         <path>/home/deep/ti/ccs1240/ccs/tools/compiler/ti-cgt-arm_20.2.7.LTS/lib/</path>
         <kind>archive</kind>
         <file>rtsv7M4_T_le_v4SPD16_eabi.lib</file>
         <name>memcpy_t2.asm.obj</name>
      </input_file>
      <input_file id="fl-ca">
         <path>/home/deep/ti/ccs1240/ccs/tools/compiler/ti-cgt-arm_20.2.7.LTS/lib/</path>
         <kind>archive</kind>
         <file>rtsv7M4_T_le_v4SPD16_eabi.lib</file>
         <name>copy_zero_init.c.obj</name>
      </input_file>
      <input_file id="fl-cb">
         <path>/home/deep/ti/ccs1240/ccs/tools/compiler/ti-cgt-arm_20.2.7.LTS/lib/</path>
         <kind>archive</kind>
         <file>rtsv7M4_T_le_v4SPD16_eabi.lib</file>
         <name>copy_decompress_none.c.obj</name>
      </input_file>
      <input_file id="fl-cc">
         <path>/home/deep/ti/ccs1240/ccs/tools/compiler/ti-cgt-arm_20.2.7.LTS/lib/</path>
         <kind>archive</kind>
         <file>rtsv7M4_T_le_v4SPD16_eabi.lib</file>
         <name>copy_decompress_lzss.c.obj</name>
      </input_file>
      <input_file id="fl-cd">
         <path>/home/deep/ti/ccs1240/ccs/tools/compiler/ti-cgt-arm_20.2.7.LTS/lib/</path>
         <kind>archive</kind>
         <file>rtsv7M4_T_le_v4SPD16_eabi.lib</file>
         <name>boot_cortex_m.c.obj</name>
      </input_file>
      <input_file id="fl-ce">
         <path>/home/deep/ti/ccs1240/ccs/tools/compiler/ti-cgt-arm_20.2.7.LTS/lib/</path>
         <kind>archive</kind>
         <file>rtsv7M4_T_le_v4SPD16_eabi.lib</file>
         <name>memset_t2.asm.obj</name>
      </input_file>
      <input_file id="fl-cf">
         <path>/home/deep/ti/ccs1240/ccs/tools/compiler/ti-cgt-arm_20.2.7.LTS/lib/</path>
         <kind>archive</kind>
         <file>rtsv7M4_T_le_v4SPD16_eabi.lib</file>
         <name>autoinit.c.obj</name>
      </input_file>
      <input_file id="fl-d0">
         <path>/home/deep/ti/ccs1240/ccs/tools/compiler/ti-cgt-arm_20.2.7.LTS/lib/</path>
         <kind>archive</kind>
         <file>rtsv7M4_T_le_v4SPD16_eabi.lib</file>
         <name>pre_init.c.obj</name>
      </input_file>
      <input_file id="fl-d1">
         <path>/home/deep/ti/ccs1240/ccs/tools/compiler/ti-cgt-arm_20.2.7.LTS/lib/</path>
         <kind>archive</kind>
         <file>rtsv7M4_T_le_v4SPD16_eabi.lib</file>
         <name>cpy_tbl.c.obj</name>
      </input_file>
      <input_file id="fl-d2">
         <path>/home/deep/ti/ccs1240/ccs/tools/compiler/ti-cgt-arm_20.2.7.LTS/lib/</path>
         <kind>archive</kind>
         <file>rtsv7M4_T_le_v4SPD16_eabi.lib</file>
         <name>exit.c.obj</name>
      </input_file>
      <input_file id="fl-d3">
         <path>/home/deep/ti/ccs1240/ccs/tools/compiler/ti-cgt-arm_20.2.7.LTS/lib/</path>
         <kind>archive</kind>
         <file>rtsv7M4_T_le_v4SPD16_eabi.lib</file>
         <name>_lock.c.obj</name>
      </input_file>
      <input_file id="fl-d4">
         <path>/home/deep/ti/ccs1240/ccs/tools/compiler/ti-cgt-arm_20.2.7.LTS/lib/</path>
         <kind>archive</kind>
         <file>rtsv7M4_T_le_v4SPD16_eabi.lib</file>
         <name>args_main.c.obj</name>
      </input_file>
   </input_file_list>
   <object_component_list>
      <object_component id="oc-13">
         <name>.intvecs</name>
         <load_address>0x0</load_address>
         <run_address>0x0</run_address>
         <size>0x26c</size>
         <input_file_ref idref="fl-b"/>
      </object_component>
      <object_component id="oc-93">
         <name>.text</name>
         <load_address>0x26c</load_address>
         <run_address>0x26c</run_address>
         <size>0xd94</size>
         <input_file_ref idref="fl-7"/>
      </object_component>
      <object_component id="oc-180">
         <name>.text</name>
         <load_address>0x1000</load_address>
         <run_address>0x1000</run_address>
         <size>0x808</size>
         <input_file_ref idref="fl-5"/>
      </object_component>
      <object_component id="oc-129">
         <name>.text</name>
         <load_address>0x1808</load_address>
         <run_address>0x1808</run_address>
         <size>0x642</size>
         <input_file_ref idref="fl-9"/>
      </object_component>
      <object_component id="oc-2e">
         <name>.text</name>
         <load_address>0x1e4c</load_address>
         <run_address>0x1e4c</run_address>
         <size>0x438</size>
         <input_file_ref idref="fl-4"/>
      </object_component>
      <object_component id="oc-34">
         <name>.text</name>
         <load_address>0x2284</load_address>
         <run_address>0x2284</run_address>
         <size>0x42c</size>
         <input_file_ref idref="fl-6"/>
      </object_component>
      <object_component id="oc-123">
         <name>.text</name>
         <load_address>0x26b0</load_address>
         <run_address>0x26b0</run_address>
         <size>0x400</size>
         <input_file_ref idref="fl-a"/>
      </object_component>
      <object_component id="oc-86">
         <name>.text</name>
         <load_address>0x2ab0</load_address>
         <run_address>0x2ab0</run_address>
         <size>0x22e</size>
         <input_file_ref idref="fl-2"/>
      </object_component>
      <object_component id="oc-d4">
         <name>.text</name>
         <load_address>0x2ce0</load_address>
         <run_address>0x2ce0</run_address>
         <size>0x16c</size>
         <input_file_ref idref="fl-8"/>
      </object_component>
      <object_component id="oc-80">
         <name>.text</name>
         <load_address>0x2e4c</load_address>
         <run_address>0x2e4c</run_address>
         <size>0x164</size>
         <input_file_ref idref="fl-c"/>
      </object_component>
      <object_component id="oc-7b">
         <name>.text</name>
         <load_address>0x2fb0</load_address>
         <run_address>0x2fb0</run_address>
         <size>0xda</size>
         <input_file_ref idref="fl-1"/>
      </object_component>
      <object_component id="oc-48">
         <name>.text</name>
         <load_address>0x308a</load_address>
         <run_address>0x308a</run_address>
         <size>0x9c</size>
         <input_file_ref idref="fl-c9"/>
      </object_component>
      <object_component id="oc-16">
         <name>.text:decompress:lzss:__TI_decompress_lzss</name>
         <load_address>0x3126</load_address>
         <run_address>0x3126</run_address>
         <size>0x68</size>
         <input_file_ref idref="fl-cc"/>
      </object_component>
      <object_component id="oc-13c">
         <name>.text:__TI_auto_init_nobinit_nopinit:__TI_auto_init_nobinit_nopinit</name>
         <load_address>0x3190</load_address>
         <run_address>0x3190</run_address>
         <size>0x44</size>
         <input_file_ref idref="fl-cf"/>
      </object_component>
      <object_component id="oc-66">
         <name>.text:_c_int00_noargs:_c_int00_noargs</name>
         <load_address>0x31d4</load_address>
         <run_address>0x31d4</run_address>
         <size>0x34</size>
         <input_file_ref idref="fl-cd"/>
      </object_component>
      <object_component id="oc-186">
         <name>.text</name>
         <load_address>0x3208</load_address>
         <run_address>0x3208</run_address>
         <size>0x24</size>
         <input_file_ref idref="fl-d"/>
      </object_component>
      <object_component id="oc-f2">
         <name>.text</name>
         <load_address>0x322c</load_address>
         <run_address>0x322c</run_address>
         <size>0x1e</size>
         <input_file_ref idref="fl-c7"/>
      </object_component>
      <object_component id="oc-fa">
         <name>.text</name>
         <load_address>0x324a</load_address>
         <run_address>0x324a</run_address>
         <size>0x1e</size>
         <input_file_ref idref="fl-c8"/>
      </object_component>
      <object_component id="oc-54">
         <name>.text:decompress:ZI:__TI_zero_init_nomemset:__TI_zero_init_nomemset</name>
         <load_address>0x3268</load_address>
         <run_address>0x3268</run_address>
         <size>0x1c</size>
         <input_file_ref idref="fl-ca"/>
      </object_component>
      <object_component id="oc-11d">
         <name>.text</name>
         <load_address>0x3284</load_address>
         <run_address>0x3284</run_address>
         <size>0x10</size>
         <input_file_ref idref="fl-3"/>
      </object_component>
      <object_component id="oc-1c">
         <name>.text:decompress:none:__TI_decompress_none</name>
         <load_address>0x3294</load_address>
         <run_address>0x3294</run_address>
         <size>0xe</size>
         <input_file_ref idref="fl-cb"/>
      </object_component>
      <object_component id="oc-28">
         <name>.text</name>
         <load_address>0x32a2</load_address>
         <run_address>0x32a2</run_address>
         <size>0xa</size>
         <input_file_ref idref="fl-b"/>
      </object_component>
      <object_component id="oc-ce">
         <name>.text:_system_pre_init</name>
         <load_address>0x32ac</load_address>
         <run_address>0x32ac</run_address>
         <size>0x4</size>
         <input_file_ref idref="fl-d0"/>
      </object_component>
      <object_component id="oc-130">
         <name>.text:abort:abort</name>
         <load_address>0x32b0</load_address>
         <run_address>0x32b0</run_address>
         <size>0x4</size>
         <input_file_ref idref="fl-d2"/>
      </object_component>
      <object_component id="oc-18e">
         <name>.const:$P$T0$1</name>
         <load_address>0x32b4</load_address>
         <run_address>0x32b4</run_address>
         <size>0x14</size>
         <input_file_ref idref="fl-9"/>
      </object_component>
      <object_component id="oc-224">
         <name>.cinit..data.load</name>
         <load_address>0x32c8</load_address>
         <run_address>0x32c8</run_address>
         <size>0xd</size>
      </object_component>
      <object_component id="oc-222">
         <name>__TI_handler_table</name>
         <load_address>0x32d8</load_address>
         <run_address>0x32d8</run_address>
         <size>0xc</size>
      </object_component>
      <object_component id="oc-225">
         <name>.cinit..bss.load</name>
         <load_address>0x32e8</load_address>
         <run_address>0x32e8</run_address>
         <size>0x8</size>
      </object_component>
      <object_component id="oc-223">
         <name>__TI_cinit_table</name>
         <load_address>0x32f0</load_address>
         <run_address>0x32f0</run_address>
         <size>0x10</size>
      </object_component>
      <object_component id="oc-9d">
         <name>.data</name>
         <load_address>0x20000550</load_address>
         <run_address>0x20000550</run_address>
         <size>0x6</size>
         <input_file_ref idref="fl-6"/>
      </object_component>
      <object_component id="oc-f7">
         <name>.data</name>
         <load_address>0x20000548</load_address>
         <run_address>0x20000548</run_address>
         <size>0x8</size>
         <input_file_ref idref="fl-7"/>
      </object_component>
      <object_component id="oc-ff">
         <name>.data:allocatedData</name>
         <load_address>0x200004b8</load_address>
         <run_address>0x200004b8</run_address>
         <size>0x90</size>
         <input_file_ref idref="fl-7"/>
      </object_component>
      <object_component id="oc-99">
         <name>.common:mutexes</name>
         <uninitialized>true</uninitialized>
         <run_address>0x200002ac</run_address>
         <size>0x8</size>
      </object_component>
      <object_component id="oc-9c">
         <name>.common:semaphores</name>
         <uninitialized>true</uninitialized>
         <run_address>0x200002a0</run_address>
         <size>0xc</size>
      </object_component>
      <object_component id="oc-a0">
         <name>.common:tcb</name>
         <uninitialized>true</uninitialized>
         <run_address>0x20000000</run_address>
         <size>0x2a0</size>
      </object_component>
      <object_component id="oc-25">
         <name>.stack</name>
         <uninitialized>true</uninitialized>
         <run_address>0x200002b8</run_address>
         <size>0x4</size>
         <input_file_ref idref="fl-cd"/>
      </object_component>
      <object_component id="oc-227">
         <name>.stack</name>
         <uninitialized>true</uninitialized>
         <run_address>0x200002b8</run_address>
         <size>0x0</size>
      </object_component>
      <object_component id="oc-7c">
         <name>.debug_info</name>
         <load_address>0x0</load_address>
         <run_address>0x0</run_address>
         <size>0x12f</size>
         <input_file_ref idref="fl-1"/>
      </object_component>
      <object_component id="oc-ea">
         <name>.debug_info</name>
         <load_address>0x12f</load_address>
         <run_address>0x12f</run_address>
         <size>0x27b</size>
         <input_file_ref idref="fl-2"/>
      </object_component>
      <object_component id="oc-87">
         <name>.debug_info</name>
         <load_address>0x3aa</load_address>
         <run_address>0x3aa</run_address>
         <size>0x482</size>
         <input_file_ref idref="fl-2"/>
      </object_component>
      <object_component id="oc-ae">
         <name>.debug_info</name>
         <load_address>0x82c</load_address>
         <run_address>0x82c</run_address>
         <size>0x26b</size>
         <input_file_ref idref="fl-2"/>
      </object_component>
      <object_component id="oc-a2">
         <name>.debug_info</name>
         <load_address>0xa97</load_address>
         <run_address>0xa97</run_address>
         <size>0x8b</size>
         <input_file_ref idref="fl-2"/>
      </object_component>
      <object_component id="oc-ed">
         <name>.debug_info</name>
         <load_address>0xb22</load_address>
         <run_address>0xb22</run_address>
         <size>0x2a4</size>
         <input_file_ref idref="fl-2"/>
      </object_component>
      <object_component id="oc-8e">
         <name>.debug_info</name>
         <load_address>0xdc6</load_address>
         <run_address>0xdc6</run_address>
         <size>0xbb</size>
         <input_file_ref idref="fl-2"/>
      </object_component>
      <object_component id="oc-11e">
         <name>.debug_info</name>
         <load_address>0xe81</load_address>
         <run_address>0xe81</run_address>
         <size>0x11b</size>
         <input_file_ref idref="fl-3"/>
      </object_component>
      <object_component id="oc-43">
         <name>.debug_info</name>
         <load_address>0xf9c</load_address>
         <run_address>0xf9c</run_address>
         <size>0x84</size>
         <input_file_ref idref="fl-3"/>
      </object_component>
      <object_component id="oc-8d">
         <name>.debug_info</name>
         <load_address>0x1020</load_address>
         <run_address>0x1020</run_address>
         <size>0x371</size>
         <input_file_ref idref="fl-4"/>
      </object_component>
      <object_component id="oc-2f">
         <name>.debug_info</name>
         <load_address>0x1391</load_address>
         <run_address>0x1391</run_address>
         <size>0xa73</size>
         <input_file_ref idref="fl-4"/>
      </object_component>
      <object_component id="oc-1be">
         <name>.debug_info</name>
         <load_address>0x1e04</load_address>
         <run_address>0x1e04</run_address>
         <size>0x268</size>
         <input_file_ref idref="fl-5"/>
      </object_component>
      <object_component id="oc-181">
         <name>.debug_info</name>
         <load_address>0x206c</load_address>
         <run_address>0x206c</run_address>
         <size>0x10e8</size>
         <input_file_ref idref="fl-5"/>
      </object_component>
      <object_component id="oc-1b9">
         <name>.debug_info</name>
         <load_address>0x3154</load_address>
         <run_address>0x3154</run_address>
         <size>0x88</size>
         <input_file_ref idref="fl-5"/>
      </object_component>
      <object_component id="oc-9a">
         <name>.debug_info</name>
         <load_address>0x31dc</load_address>
         <run_address>0x31dc</run_address>
         <size>0x52e</size>
         <input_file_ref idref="fl-6"/>
      </object_component>
      <object_component id="oc-9e">
         <name>.debug_info</name>
         <load_address>0x370a</load_address>
         <run_address>0x370a</run_address>
         <size>0x18c</size>
         <input_file_ref idref="fl-6"/>
      </object_component>
      <object_component id="oc-35">
         <name>.debug_info</name>
         <load_address>0x3896</load_address>
         <run_address>0x3896</run_address>
         <size>0xab0</size>
         <input_file_ref idref="fl-6"/>
      </object_component>
      <object_component id="oc-a7">
         <name>.debug_info</name>
         <load_address>0x4346</load_address>
         <run_address>0x4346</run_address>
         <size>0x2c</size>
         <input_file_ref idref="fl-6"/>
      </object_component>
      <object_component id="oc-106">
         <name>.debug_info</name>
         <load_address>0x4372</load_address>
         <run_address>0x4372</run_address>
         <size>0x1cb</size>
         <input_file_ref idref="fl-6"/>
      </object_component>
      <object_component id="oc-103">
         <name>.debug_info</name>
         <load_address>0x453d</load_address>
         <run_address>0x453d</run_address>
         <size>0x281</size>
         <input_file_ref idref="fl-7"/>
      </object_component>
      <object_component id="oc-f8">
         <name>.debug_info</name>
         <load_address>0x47be</load_address>
         <run_address>0x47be</run_address>
         <size>0xe0</size>
         <input_file_ref idref="fl-7"/>
      </object_component>
      <object_component id="oc-100">
         <name>.debug_info</name>
         <load_address>0x489e</load_address>
         <run_address>0x489e</run_address>
         <size>0xda</size>
         <input_file_ref idref="fl-7"/>
      </object_component>
      <object_component id="oc-94">
         <name>.debug_info</name>
         <load_address>0x4978</load_address>
         <run_address>0x4978</run_address>
         <size>0x13af</size>
         <input_file_ref idref="fl-7"/>
      </object_component>
      <object_component id="oc-17a">
         <name>.debug_info</name>
         <load_address>0x5d27</load_address>
         <run_address>0x5d27</run_address>
         <size>0x76</size>
         <input_file_ref idref="fl-7"/>
      </object_component>
      <object_component id="oc-d5">
         <name>.debug_info</name>
         <load_address>0x5d9d</load_address>
         <run_address>0x5d9d</run_address>
         <size>0x26a</size>
         <input_file_ref idref="fl-8"/>
      </object_component>
      <object_component id="oc-197">
         <name>.debug_info</name>
         <load_address>0x6007</load_address>
         <run_address>0x6007</run_address>
         <size>0x3d3</size>
         <input_file_ref idref="fl-9"/>
      </object_component>
      <object_component id="oc-18f">
         <name>.debug_info</name>
         <load_address>0x63da</load_address>
         <run_address>0x63da</run_address>
         <size>0xd0</size>
         <input_file_ref idref="fl-9"/>
      </object_component>
      <object_component id="oc-12a">
         <name>.debug_info</name>
         <load_address>0x64aa</load_address>
         <run_address>0x64aa</run_address>
         <size>0xc77</size>
         <input_file_ref idref="fl-9"/>
      </object_component>
      <object_component id="oc-192">
         <name>.debug_info</name>
         <load_address>0x7121</load_address>
         <run_address>0x7121</run_address>
         <size>0x8a</size>
         <input_file_ref idref="fl-9"/>
      </object_component>
      <object_component id="oc-18d">
         <name>.debug_info</name>
         <load_address>0x71ab</load_address>
         <run_address>0x71ab</run_address>
         <size>0x53d</size>
         <input_file_ref idref="fl-a"/>
      </object_component>
      <object_component id="oc-124">
         <name>.debug_info</name>
         <load_address>0x76e8</load_address>
         <run_address>0x76e8</run_address>
         <size>0x9fb</size>
         <input_file_ref idref="fl-a"/>
      </object_component>
      <object_component id="oc-3c">
         <name>.debug_info</name>
         <load_address>0x80e3</load_address>
         <run_address>0x80e3</run_address>
         <size>0x371</size>
         <input_file_ref idref="fl-b"/>
      </object_component>
      <object_component id="oc-14">
         <name>.debug_info</name>
         <load_address>0x8454</load_address>
         <run_address>0x8454</run_address>
         <size>0xee</size>
         <input_file_ref idref="fl-b"/>
      </object_component>
      <object_component id="oc-29">
         <name>.debug_info</name>
         <load_address>0x8542</load_address>
         <run_address>0x8542</run_address>
         <size>0x209</size>
         <input_file_ref idref="fl-b"/>
      </object_component>
      <object_component id="oc-e8">
         <name>.debug_info</name>
         <load_address>0x874b</load_address>
         <run_address>0x874b</run_address>
         <size>0x264</size>
         <input_file_ref idref="fl-c"/>
      </object_component>
      <object_component id="oc-81">
         <name>.debug_info</name>
         <load_address>0x89af</load_address>
         <run_address>0x89af</run_address>
         <size>0x34c</size>
         <input_file_ref idref="fl-c"/>
      </object_component>
      <object_component id="oc-187">
         <name>.debug_info</name>
         <load_address>0x8cfb</load_address>
         <run_address>0x8cfb</run_address>
         <size>0x125</size>
         <input_file_ref idref="fl-d"/>
      </object_component>
      <object_component id="oc-f3">
         <name>.debug_info</name>
         <load_address>0x8e20</load_address>
         <run_address>0x8e20</run_address>
         <size>0x122</size>
         <input_file_ref idref="fl-c7"/>
      </object_component>
      <object_component id="oc-fb">
         <name>.debug_info</name>
         <load_address>0x8f42</load_address>
         <run_address>0x8f42</run_address>
         <size>0x122</size>
         <input_file_ref idref="fl-c8"/>
      </object_component>
      <object_component id="oc-49">
         <name>.debug_info</name>
         <load_address>0x9064</load_address>
         <run_address>0x9064</run_address>
         <size>0x119</size>
         <input_file_ref idref="fl-c9"/>
      </object_component>
      <object_component id="oc-c7">
         <name>.debug_info</name>
         <load_address>0x917d</load_address>
         <run_address>0x917d</run_address>
         <size>0x2d4</size>
         <input_file_ref idref="fl-ca"/>
      </object_component>
      <object_component id="oc-55">
         <name>.debug_info</name>
         <load_address>0x9451</load_address>
         <run_address>0x9451</run_address>
         <size>0x1d2</size>
         <input_file_ref idref="fl-ca"/>
      </object_component>
      <object_component id="oc-c2">
         <name>.debug_info</name>
         <load_address>0x9623</load_address>
         <run_address>0x9623</run_address>
         <size>0x46</size>
         <input_file_ref idref="fl-ca"/>
      </object_component>
      <object_component id="oc-114">
         <name>.debug_info</name>
         <load_address>0x9669</load_address>
         <run_address>0x9669</run_address>
         <size>0x2c</size>
         <input_file_ref idref="fl-ca"/>
      </object_component>
      <object_component id="oc-53">
         <name>.debug_info</name>
         <load_address>0x9695</load_address>
         <run_address>0x9695</run_address>
         <size>0x2a8</size>
         <input_file_ref idref="fl-cb"/>
      </object_component>
      <object_component id="oc-1d">
         <name>.debug_info</name>
         <load_address>0x993d</load_address>
         <run_address>0x993d</run_address>
         <size>0x1ea</size>
         <input_file_ref idref="fl-cb"/>
      </object_component>
      <object_component id="oc-4e">
         <name>.debug_info</name>
         <load_address>0x9b27</load_address>
         <run_address>0x9b27</run_address>
         <size>0x46</size>
         <input_file_ref idref="fl-cb"/>
      </object_component>
      <object_component id="oc-ba">
         <name>.debug_info</name>
         <load_address>0x9b6d</load_address>
         <run_address>0x9b6d</run_address>
         <size>0x2c</size>
         <input_file_ref idref="fl-cb"/>
      </object_component>
      <object_component id="oc-b8">
         <name>.debug_info</name>
         <load_address>0x9b99</load_address>
         <run_address>0x9b99</run_address>
         <size>0x29e</size>
         <input_file_ref idref="fl-cc"/>
      </object_component>
      <object_component id="oc-17">
         <name>.debug_info</name>
         <load_address>0x9e37</load_address>
         <run_address>0x9e37</run_address>
         <size>0x250</size>
         <input_file_ref idref="fl-cc"/>
      </object_component>
      <object_component id="oc-3e">
         <name>.debug_info</name>
         <load_address>0xa087</load_address>
         <run_address>0xa087</run_address>
         <size>0x60</size>
         <input_file_ref idref="fl-cc"/>
      </object_component>
      <object_component id="oc-10d">
         <name>.debug_info</name>
         <load_address>0xa0e7</load_address>
         <run_address>0xa0e7</run_address>
         <size>0x46</size>
         <input_file_ref idref="fl-cc"/>
      </object_component>
      <object_component id="oc-b3">
         <name>.debug_info</name>
         <load_address>0xa12d</load_address>
         <run_address>0xa12d</run_address>
         <size>0x39</size>
         <input_file_ref idref="fl-cc"/>
      </object_component>
      <object_component id="oc-26">
         <name>.debug_info</name>
         <load_address>0xa166</load_address>
         <run_address>0xa166</run_address>
         <size>0x10b</size>
         <input_file_ref idref="fl-cd"/>
      </object_component>
      <object_component id="oc-67">
         <name>.debug_info</name>
         <load_address>0xa271</load_address>
         <run_address>0xa271</run_address>
         <size>0x1a9</size>
         <input_file_ref idref="fl-cd"/>
      </object_component>
      <object_component id="oc-1a3">
         <name>.debug_info</name>
         <load_address>0xa41a</load_address>
         <run_address>0xa41a</run_address>
         <size>0x4b3</size>
         <input_file_ref idref="fl-cf"/>
      </object_component>
      <object_component id="oc-13d">
         <name>.debug_info</name>
         <load_address>0xa8cd</load_address>
         <run_address>0xa8cd</run_address>
         <size>0x1a6</size>
         <input_file_ref idref="fl-cf"/>
      </object_component>
      <object_component id="oc-1d6">
         <name>.debug_info</name>
         <load_address>0xaa73</load_address>
         <run_address>0xaa73</run_address>
         <size>0x39</size>
         <input_file_ref idref="fl-cf"/>
      </object_component>
      <object_component id="oc-1ec">
         <name>.debug_info</name>
         <load_address>0xaaac</load_address>
         <run_address>0xaaac</run_address>
         <size>0x39</size>
         <input_file_ref idref="fl-cf"/>
      </object_component>
      <object_component id="oc-1db">
         <name>.debug_info</name>
         <load_address>0xaae5</load_address>
         <run_address>0xaae5</run_address>
         <size>0x39</size>
         <input_file_ref idref="fl-cf"/>
      </object_component>
      <object_component id="oc-1e0">
         <name>.debug_info</name>
         <load_address>0xab1e</load_address>
         <run_address>0xab1e</run_address>
         <size>0xcd</size>
         <input_file_ref idref="fl-cf"/>
      </object_component>
      <object_component id="oc-cf">
         <name>.debug_info</name>
         <load_address>0xabeb</load_address>
         <run_address>0xabeb</run_address>
         <size>0x153</size>
         <input_file_ref idref="fl-d0"/>
      </object_component>
      <object_component id="oc-131">
         <name>.debug_info</name>
         <load_address>0xad3e</load_address>
         <run_address>0xad3e</run_address>
         <size>0x122</size>
         <input_file_ref idref="fl-d2"/>
      </object_component>
      <object_component id="oc-228">
         <name>.debug_info</name>
         <load_address>0xae60</load_address>
         <run_address>0xae60</run_address>
         <size>0xa1</size>
      </object_component>
      <object_component id="oc-7f">
         <name>.debug_line</name>
         <load_address>0x0</load_address>
         <run_address>0x0</run_address>
         <size>0x7e</size>
         <input_file_ref idref="fl-1"/>
      </object_component>
      <object_component id="oc-171">
         <name>.debug_line</name>
         <load_address>0x7e</load_address>
         <run_address>0x7e</run_address>
         <size>0x20</size>
         <input_file_ref idref="fl-2"/>
      </object_component>
      <object_component id="oc-8a">
         <name>.debug_line</name>
         <load_address>0x9e</load_address>
         <run_address>0x9e</run_address>
         <size>0x141</size>
         <input_file_ref idref="fl-2"/>
      </object_component>
      <object_component id="oc-b1">
         <name>.debug_line</name>
         <load_address>0x1df</load_address>
         <run_address>0x1df</run_address>
         <size>0x77</size>
         <input_file_ref idref="fl-2"/>
      </object_component>
      <object_component id="oc-a5">
         <name>.debug_line</name>
         <load_address>0x256</load_address>
         <run_address>0x256</run_address>
         <size>0x20</size>
         <input_file_ref idref="fl-2"/>
      </object_component>
      <object_component id="oc-f0">
         <name>.debug_line</name>
         <load_address>0x276</load_address>
         <run_address>0x276</run_address>
         <size>0x7b</size>
         <input_file_ref idref="fl-2"/>
      </object_component>
      <object_component id="oc-91">
         <name>.debug_line</name>
         <load_address>0x2f1</load_address>
         <run_address>0x2f1</run_address>
         <size>0x78</size>
         <input_file_ref idref="fl-2"/>
      </object_component>
      <object_component id="oc-121">
         <name>.debug_line</name>
         <load_address>0x369</load_address>
         <run_address>0x369</run_address>
         <size>0x43</size>
         <input_file_ref idref="fl-3"/>
      </object_component>
      <object_component id="oc-46">
         <name>.debug_line</name>
         <load_address>0x3ac</load_address>
         <run_address>0x3ac</run_address>
         <size>0x20</size>
         <input_file_ref idref="fl-3"/>
      </object_component>
      <object_component id="oc-ec">
         <name>.debug_line</name>
         <load_address>0x3cc</load_address>
         <run_address>0x3cc</run_address>
         <size>0x4c</size>
         <input_file_ref idref="fl-4"/>
      </object_component>
      <object_component id="oc-32">
         <name>.debug_line</name>
         <load_address>0x418</load_address>
         <run_address>0x418</run_address>
         <size>0x15e</size>
         <input_file_ref idref="fl-4"/>
      </object_component>
      <object_component id="oc-1e8">
         <name>.debug_line</name>
         <load_address>0x576</load_address>
         <run_address>0x576</run_address>
         <size>0x20</size>
         <input_file_ref idref="fl-5"/>
      </object_component>
      <object_component id="oc-184">
         <name>.debug_line</name>
         <load_address>0x596</load_address>
         <run_address>0x596</run_address>
         <size>0x3d4</size>
         <input_file_ref idref="fl-5"/>
      </object_component>
      <object_component id="oc-1bc">
         <name>.debug_line</name>
         <load_address>0x96a</load_address>
         <run_address>0x96a</run_address>
         <size>0x2d</size>
         <input_file_ref idref="fl-5"/>
      </object_component>
      <object_component id="oc-105">
         <name>.debug_line</name>
         <load_address>0x997</load_address>
         <run_address>0x997</run_address>
         <size>0x58</size>
         <input_file_ref idref="fl-6"/>
      </object_component>
      <object_component id="oc-10c">
         <name>.debug_line</name>
         <load_address>0x9ef</load_address>
         <run_address>0x9ef</run_address>
         <size>0x2f</size>
         <input_file_ref idref="fl-6"/>
      </object_component>
      <object_component id="oc-38">
         <name>.debug_line</name>
         <load_address>0xa1e</load_address>
         <run_address>0xa1e</run_address>
         <size>0x280</size>
         <input_file_ref idref="fl-6"/>
      </object_component>
      <object_component id="oc-aa">
         <name>.debug_line</name>
         <load_address>0xc9e</load_address>
         <run_address>0xc9e</run_address>
         <size>0x2f</size>
         <input_file_ref idref="fl-6"/>
      </object_component>
      <object_component id="oc-109">
         <name>.debug_line</name>
         <load_address>0xccd</load_address>
         <run_address>0xccd</run_address>
         <size>0x2f</size>
         <input_file_ref idref="fl-6"/>
      </object_component>
      <object_component id="oc-179">
         <name>.debug_line</name>
         <load_address>0xcfc</load_address>
         <run_address>0xcfc</run_address>
         <size>0x20</size>
         <input_file_ref idref="fl-7"/>
      </object_component>
      <object_component id="oc-174">
         <name>.debug_line</name>
         <load_address>0xd1c</load_address>
         <run_address>0xd1c</run_address>
         <size>0x2b</size>
         <input_file_ref idref="fl-7"/>
      </object_component>
      <object_component id="oc-177">
         <name>.debug_line</name>
         <load_address>0xd47</load_address>
         <run_address>0xd47</run_address>
         <size>0x2b</size>
         <input_file_ref idref="fl-7"/>
      </object_component>
      <object_component id="oc-97">
         <name>.debug_line</name>
         <load_address>0xd72</load_address>
         <run_address>0xd72</run_address>
         <size>0x4cf</size>
         <input_file_ref idref="fl-7"/>
      </object_component>
      <object_component id="oc-17d">
         <name>.debug_line</name>
         <load_address>0x1241</load_address>
         <run_address>0x1241</run_address>
         <size>0x2b</size>
         <input_file_ref idref="fl-7"/>
      </object_component>
      <object_component id="oc-d8">
         <name>.debug_line</name>
         <load_address>0x126c</load_address>
         <run_address>0x126c</run_address>
         <size>0x61</size>
         <input_file_ref idref="fl-8"/>
      </object_component>
      <object_component id="oc-1c5">
         <name>.debug_line</name>
         <load_address>0x12cd</load_address>
         <run_address>0x12cd</run_address>
         <size>0x4b</size>
         <input_file_ref idref="fl-9"/>
      </object_component>
      <object_component id="oc-1c3">
         <name>.debug_line</name>
         <load_address>0x1318</load_address>
         <run_address>0x1318</run_address>
         <size>0x2e</size>
         <input_file_ref idref="fl-9"/>
      </object_component>
      <object_component id="oc-12d">
         <name>.debug_line</name>
         <load_address>0x1346</load_address>
         <run_address>0x1346</run_address>
         <size>0x330</size>
         <input_file_ref idref="fl-9"/>
      </object_component>
      <object_component id="oc-195">
         <name>.debug_line</name>
         <load_address>0x1676</load_address>
         <run_address>0x1676</run_address>
         <size>0x2e</size>
         <input_file_ref idref="fl-9"/>
      </object_component>
      <object_component id="oc-1c1">
         <name>.debug_line</name>
         <load_address>0x16a4</load_address>
         <run_address>0x16a4</run_address>
         <size>0x54</size>
         <input_file_ref idref="fl-a"/>
      </object_component>
      <object_component id="oc-127">
         <name>.debug_line</name>
         <load_address>0x16f8</load_address>
         <run_address>0x16f8</run_address>
         <size>0x266</size>
         <input_file_ref idref="fl-a"/>
      </object_component>
      <object_component id="oc-ad">
         <name>.debug_line</name>
         <load_address>0x195e</load_address>
         <run_address>0x195e</run_address>
         <size>0x41</size>
         <input_file_ref idref="fl-b"/>
      </object_component>
      <object_component id="oc-3b">
         <name>.debug_line</name>
         <load_address>0x199f</load_address>
         <run_address>0x199f</run_address>
         <size>0x41</size>
         <input_file_ref idref="fl-b"/>
      </object_component>
      <object_component id="oc-2c">
         <name>.debug_line</name>
         <load_address>0x19e0</load_address>
         <run_address>0x19e0</run_address>
         <size>0x89</size>
         <input_file_ref idref="fl-b"/>
      </object_component>
      <object_component id="oc-16f">
         <name>.debug_line</name>
         <load_address>0x1a69</load_address>
         <run_address>0x1a69</run_address>
         <size>0x20</size>
         <input_file_ref idref="fl-c"/>
      </object_component>
      <object_component id="oc-84">
         <name>.debug_line</name>
         <load_address>0x1a89</load_address>
         <run_address>0x1a89</run_address>
         <size>0xec</size>
         <input_file_ref idref="fl-c"/>
      </object_component>
      <object_component id="oc-18a">
         <name>.debug_line</name>
         <load_address>0x1b75</load_address>
         <run_address>0x1b75</run_address>
         <size>0x52</size>
         <input_file_ref idref="fl-d"/>
      </object_component>
      <object_component id="oc-f6">
         <name>.debug_line</name>
         <load_address>0x1bc7</load_address>
         <run_address>0x1bc7</run_address>
         <size>0x47</size>
         <input_file_ref idref="fl-c7"/>
      </object_component>
      <object_component id="oc-fe">
         <name>.debug_line</name>
         <load_address>0x1c0e</load_address>
         <run_address>0x1c0e</run_address>
         <size>0x47</size>
         <input_file_ref idref="fl-c8"/>
      </object_component>
      <object_component id="oc-4c">
         <name>.debug_line</name>
         <load_address>0x1c55</load_address>
         <run_address>0x1c55</run_address>
         <size>0x88</size>
         <input_file_ref idref="fl-c9"/>
      </object_component>
      <object_component id="oc-11a">
         <name>.debug_line</name>
         <load_address>0x1cdd</load_address>
         <run_address>0x1cdd</run_address>
         <size>0x92</size>
         <input_file_ref idref="fl-ca"/>
      </object_component>
      <object_component id="oc-58">
         <name>.debug_line</name>
         <load_address>0x1d6f</load_address>
         <run_address>0x1d6f</run_address>
         <size>0x4c</size>
         <input_file_ref idref="fl-ca"/>
      </object_component>
      <object_component id="oc-c5">
         <name>.debug_line</name>
         <load_address>0x1dbb</load_address>
         <run_address>0x1dbb</run_address>
         <size>0x34</size>
         <input_file_ref idref="fl-ca"/>
      </object_component>
      <object_component id="oc-117">
         <name>.debug_line</name>
         <load_address>0x1def</load_address>
         <run_address>0x1def</run_address>
         <size>0x92</size>
         <input_file_ref idref="fl-ca"/>
      </object_component>
      <object_component id="oc-c0">
         <name>.debug_line</name>
         <load_address>0x1e81</load_address>
         <run_address>0x1e81</run_address>
         <size>0x20</size>
         <input_file_ref idref="fl-cb"/>
      </object_component>
      <object_component id="oc-20">
         <name>.debug_line</name>
         <load_address>0x1ea1</load_address>
         <run_address>0x1ea1</run_address>
         <size>0x55</size>
         <input_file_ref idref="fl-cb"/>
      </object_component>
      <object_component id="oc-51">
         <name>.debug_line</name>
         <load_address>0x1ef6</load_address>
         <run_address>0x1ef6</run_address>
         <size>0x3a</size>
         <input_file_ref idref="fl-cb"/>
      </object_component>
      <object_component id="oc-bd">
         <name>.debug_line</name>
         <load_address>0x1f30</load_address>
         <run_address>0x1f30</run_address>
         <size>0x92</size>
         <input_file_ref idref="fl-cb"/>
      </object_component>
      <object_component id="oc-113">
         <name>.debug_line</name>
         <load_address>0x1fc2</load_address>
         <run_address>0x1fc2</run_address>
         <size>0x20</size>
         <input_file_ref idref="fl-cc"/>
      </object_component>
      <object_component id="oc-1a">
         <name>.debug_line</name>
         <load_address>0x1fe2</load_address>
         <run_address>0x1fe2</run_address>
         <size>0xa9</size>
         <input_file_ref idref="fl-cc"/>
      </object_component>
      <object_component id="oc-41">
         <name>.debug_line</name>
         <load_address>0x208b</load_address>
         <run_address>0x208b</run_address>
         <size>0x3a</size>
         <input_file_ref idref="fl-cc"/>
      </object_component>
      <object_component id="oc-110">
         <name>.debug_line</name>
         <load_address>0x20c5</load_address>
         <run_address>0x20c5</run_address>
         <size>0x9a</size>
         <input_file_ref idref="fl-cc"/>
      </object_component>
      <object_component id="oc-b6">
         <name>.debug_line</name>
         <load_address>0x215f</load_address>
         <run_address>0x215f</run_address>
         <size>0x96</size>
         <input_file_ref idref="fl-cc"/>
      </object_component>
      <object_component id="oc-79">
         <name>.debug_line</name>
         <load_address>0x21f5</load_address>
         <run_address>0x21f5</run_address>
         <size>0x33</size>
         <input_file_ref idref="fl-cd"/>
      </object_component>
      <object_component id="oc-6a">
         <name>.debug_line</name>
         <load_address>0x2228</load_address>
         <run_address>0x2228</run_address>
         <size>0x45</size>
         <input_file_ref idref="fl-cd"/>
      </object_component>
      <object_component id="oc-1d5">
         <name>.debug_line</name>
         <load_address>0x226d</load_address>
         <run_address>0x226d</run_address>
         <size>0xbf</size>
         <input_file_ref idref="fl-cf"/>
      </object_component>
      <object_component id="oc-140">
         <name>.debug_line</name>
         <load_address>0x232c</load_address>
         <run_address>0x232c</run_address>
         <size>0x6f</size>
         <input_file_ref idref="fl-cf"/>
      </object_component>
      <object_component id="oc-1d9">
         <name>.debug_line</name>
         <load_address>0x239b</load_address>
         <run_address>0x239b</run_address>
         <size>0x2e</size>
         <input_file_ref idref="fl-cf"/>
      </object_component>
      <object_component id="oc-1ef">
         <name>.debug_line</name>
         <load_address>0x23c9</load_address>
         <run_address>0x23c9</run_address>
         <size>0x9a</size>
         <input_file_ref idref="fl-cf"/>
      </object_component>
      <object_component id="oc-1de">
         <name>.debug_line</name>
         <load_address>0x2463</load_address>
         <run_address>0x2463</run_address>
         <size>0x97</size>
         <input_file_ref idref="fl-cf"/>
      </object_component>
      <object_component id="oc-1e3">
         <name>.debug_line</name>
         <load_address>0x24fa</load_address>
         <run_address>0x24fa</run_address>
         <size>0x93</size>
         <input_file_ref idref="fl-cf"/>
      </object_component>
      <object_component id="oc-d2">
         <name>.debug_line</name>
         <load_address>0x258d</load_address>
         <run_address>0x258d</run_address>
         <size>0x40</size>
         <input_file_ref idref="fl-d0"/>
      </object_component>
      <object_component id="oc-134">
         <name>.debug_line</name>
         <load_address>0x25cd</load_address>
         <run_address>0x25cd</run_address>
         <size>0x3c</size>
         <input_file_ref idref="fl-d2"/>
      </object_component>
      <object_component id="oc-e6">
         <name>.debug_abbrev</name>
         <load_address>0x0</load_address>
         <run_address>0x0</run_address>
         <size>0x35</size>
         <input_file_ref idref="fl-1"/>
      </object_component>
      <object_component id="oc-170">
         <name>.debug_abbrev</name>
         <load_address>0x35</load_address>
         <run_address>0x35</run_address>
         <size>0x37</size>
         <input_file_ref idref="fl-2"/>
      </object_component>
      <object_component id="oc-e9">
         <name>.debug_abbrev</name>
         <load_address>0x6c</load_address>
         <run_address>0x6c</run_address>
         <size>0xa6</size>
         <input_file_ref idref="fl-2"/>
      </object_component>
      <object_component id="oc-b0">
         <name>.debug_abbrev</name>
         <load_address>0x112</load_address>
         <run_address>0x112</run_address>
         <size>0x69</size>
         <input_file_ref idref="fl-2"/>
      </object_component>
      <object_component id="oc-a4">
         <name>.debug_abbrev</name>
         <load_address>0x17b</load_address>
         <run_address>0x17b</run_address>
         <size>0x1f</size>
         <input_file_ref idref="fl-2"/>
      </object_component>
      <object_component id="oc-ef">
         <name>.debug_abbrev</name>
         <load_address>0x19a</load_address>
         <run_address>0x19a</run_address>
         <size>0x5c</size>
         <input_file_ref idref="fl-2"/>
      </object_component>
      <object_component id="oc-90">
         <name>.debug_abbrev</name>
         <load_address>0x1f6</load_address>
         <run_address>0x1f6</run_address>
         <size>0x24</size>
         <input_file_ref idref="fl-2"/>
      </object_component>
      <object_component id="oc-17f">
         <name>.debug_abbrev</name>
         <load_address>0x21a</load_address>
         <run_address>0x21a</run_address>
         <size>0x50</size>
         <input_file_ref idref="fl-3"/>
      </object_component>
      <object_component id="oc-45">
         <name>.debug_abbrev</name>
         <load_address>0x26a</load_address>
         <run_address>0x26a</run_address>
         <size>0x1f</size>
         <input_file_ref idref="fl-3"/>
      </object_component>
      <object_component id="oc-eb">
         <name>.debug_abbrev</name>
         <load_address>0x289</load_address>
         <run_address>0x289</run_address>
         <size>0x8d</size>
         <input_file_ref idref="fl-4"/>
      </object_component>
      <object_component id="oc-8c">
         <name>.debug_abbrev</name>
         <load_address>0x316</load_address>
         <run_address>0x316</run_address>
         <size>0x6c</size>
         <input_file_ref idref="fl-4"/>
      </object_component>
      <object_component id="oc-1e7">
         <name>.debug_abbrev</name>
         <load_address>0x382</load_address>
         <run_address>0x382</run_address>
         <size>0x37</size>
         <input_file_ref idref="fl-5"/>
      </object_component>
      <object_component id="oc-1b8">
         <name>.debug_abbrev</name>
         <load_address>0x3b9</load_address>
         <run_address>0x3b9</run_address>
         <size>0xc8</size>
         <input_file_ref idref="fl-5"/>
      </object_component>
      <object_component id="oc-1bb">
         <name>.debug_abbrev</name>
         <load_address>0x481</load_address>
         <run_address>0x481</run_address>
         <size>0x44</size>
         <input_file_ref idref="fl-5"/>
      </object_component>
      <object_component id="oc-104">
         <name>.debug_abbrev</name>
         <load_address>0x4c5</load_address>
         <run_address>0x4c5</run_address>
         <size>0xf1</size>
         <input_file_ref idref="fl-6"/>
      </object_component>
      <object_component id="oc-10b">
         <name>.debug_abbrev</name>
         <load_address>0x5b6</load_address>
         <run_address>0x5b6</run_address>
         <size>0x29</size>
         <input_file_ref idref="fl-6"/>
      </object_component>
      <object_component id="oc-a1">
         <name>.debug_abbrev</name>
         <load_address>0x5df</load_address>
         <run_address>0x5df</run_address>
         <size>0x10e</size>
         <input_file_ref idref="fl-6"/>
      </object_component>
      <object_component id="oc-a9">
         <name>.debug_abbrev</name>
         <load_address>0x6ed</load_address>
         <run_address>0x6ed</run_address>
         <size>0x24</size>
         <input_file_ref idref="fl-6"/>
      </object_component>
      <object_component id="oc-108">
         <name>.debug_abbrev</name>
         <load_address>0x711</load_address>
         <run_address>0x711</run_address>
         <size>0x4b</size>
         <input_file_ref idref="fl-6"/>
      </object_component>
      <object_component id="oc-178">
         <name>.debug_abbrev</name>
         <load_address>0x75c</load_address>
         <run_address>0x75c</run_address>
         <size>0x3b</size>
         <input_file_ref idref="fl-7"/>
      </object_component>
      <object_component id="oc-173">
         <name>.debug_abbrev</name>
         <load_address>0x797</load_address>
         <run_address>0x797</run_address>
         <size>0x29</size>
         <input_file_ref idref="fl-7"/>
      </object_component>
      <object_component id="oc-176">
         <name>.debug_abbrev</name>
         <load_address>0x7c0</load_address>
         <run_address>0x7c0</run_address>
         <size>0x29</size>
         <input_file_ref idref="fl-7"/>
      </object_component>
      <object_component id="oc-102">
         <name>.debug_abbrev</name>
         <load_address>0x7e9</load_address>
         <run_address>0x7e9</run_address>
         <size>0x13d</size>
         <input_file_ref idref="fl-7"/>
      </object_component>
      <object_component id="oc-17c">
         <name>.debug_abbrev</name>
         <load_address>0x926</load_address>
         <run_address>0x926</run_address>
         <size>0x4b</size>
         <input_file_ref idref="fl-7"/>
      </object_component>
      <object_component id="oc-12f">
         <name>.debug_abbrev</name>
         <load_address>0x971</load_address>
         <run_address>0x971</run_address>
         <size>0x6e</size>
         <input_file_ref idref="fl-8"/>
      </object_component>
      <object_component id="oc-1c4">
         <name>.debug_abbrev</name>
         <load_address>0x9df</load_address>
         <run_address>0x9df</run_address>
         <size>0xdd</size>
         <input_file_ref idref="fl-9"/>
      </object_component>
      <object_component id="oc-1c2">
         <name>.debug_abbrev</name>
         <load_address>0xabc</load_address>
         <run_address>0xabc</run_address>
         <size>0x27</size>
         <input_file_ref idref="fl-9"/>
      </object_component>
      <object_component id="oc-191">
         <name>.debug_abbrev</name>
         <load_address>0xae3</load_address>
         <run_address>0xae3</run_address>
         <size>0xe1</size>
         <input_file_ref idref="fl-9"/>
      </object_component>
      <object_component id="oc-194">
         <name>.debug_abbrev</name>
         <load_address>0xbc4</load_address>
         <run_address>0xbc4</run_address>
         <size>0x4b</size>
         <input_file_ref idref="fl-9"/>
      </object_component>
      <object_component id="oc-1c0">
         <name>.debug_abbrev</name>
         <load_address>0xc0f</load_address>
         <run_address>0xc0f</run_address>
         <size>0x98</size>
         <input_file_ref idref="fl-a"/>
      </object_component>
      <object_component id="oc-18c">
         <name>.debug_abbrev</name>
         <load_address>0xca7</load_address>
         <run_address>0xca7</run_address>
         <size>0xc8</size>
         <input_file_ref idref="fl-a"/>
      </object_component>
      <object_component id="oc-ac">
         <name>.debug_abbrev</name>
         <load_address>0xd6f</load_address>
         <run_address>0xd6f</run_address>
         <size>0x90</size>
         <input_file_ref idref="fl-b"/>
      </object_component>
      <object_component id="oc-3a">
         <name>.debug_abbrev</name>
         <load_address>0xdff</load_address>
         <run_address>0xdff</run_address>
         <size>0x29</size>
         <input_file_ref idref="fl-b"/>
      </object_component>
      <object_component id="oc-7a">
         <name>.debug_abbrev</name>
         <load_address>0xe28</load_address>
         <run_address>0xe28</run_address>
         <size>0x79</size>
         <input_file_ref idref="fl-b"/>
      </object_component>
      <object_component id="oc-16e">
         <name>.debug_abbrev</name>
         <load_address>0xea1</load_address>
         <run_address>0xea1</run_address>
         <size>0x27</size>
         <input_file_ref idref="fl-c"/>
      </object_component>
      <object_component id="oc-e7">
         <name>.debug_abbrev</name>
         <load_address>0xec8</load_address>
         <run_address>0xec8</run_address>
         <size>0xa9</size>
         <input_file_ref idref="fl-c"/>
      </object_component>
      <object_component id="oc-1bf">
         <name>.debug_abbrev</name>
         <load_address>0xf71</load_address>
         <run_address>0xf71</run_address>
         <size>0x6c</size>
         <input_file_ref idref="fl-d"/>
      </object_component>
      <object_component id="oc-172">
         <name>.debug_abbrev</name>
         <load_address>0xfdd</load_address>
         <run_address>0xfdd</run_address>
         <size>0x3c</size>
         <input_file_ref idref="fl-c7"/>
      </object_component>
      <object_component id="oc-175">
         <name>.debug_abbrev</name>
         <load_address>0x1019</load_address>
         <run_address>0x1019</run_address>
         <size>0x3c</size>
         <input_file_ref idref="fl-c8"/>
      </object_component>
      <object_component id="oc-b9">
         <name>.debug_abbrev</name>
         <load_address>0x1055</load_address>
         <run_address>0x1055</run_address>
         <size>0x3e</size>
         <input_file_ref idref="fl-c9"/>
      </object_component>
      <object_component id="oc-119">
         <name>.debug_abbrev</name>
         <load_address>0x1093</load_address>
         <run_address>0x1093</run_address>
         <size>0x5d</size>
         <input_file_ref idref="fl-ca"/>
      </object_component>
      <object_component id="oc-c1">
         <name>.debug_abbrev</name>
         <load_address>0x10f0</load_address>
         <run_address>0x10f0</run_address>
         <size>0x6f</size>
         <input_file_ref idref="fl-ca"/>
      </object_component>
      <object_component id="oc-c4">
         <name>.debug_abbrev</name>
         <load_address>0x115f</load_address>
         <run_address>0x115f</run_address>
         <size>0x24</size>
         <input_file_ref idref="fl-ca"/>
      </object_component>
      <object_component id="oc-116">
         <name>.debug_abbrev</name>
         <load_address>0x1183</load_address>
         <run_address>0x1183</run_address>
         <size>0x24</size>
         <input_file_ref idref="fl-ca"/>
      </object_component>
      <object_component id="oc-bf">
         <name>.debug_abbrev</name>
         <load_address>0x11a7</load_address>
         <run_address>0x11a7</run_address>
         <size>0x37</size>
         <input_file_ref idref="fl-cb"/>
      </object_component>
      <object_component id="oc-4d">
         <name>.debug_abbrev</name>
         <load_address>0x11de</load_address>
         <run_address>0x11de</run_address>
         <size>0x74</size>
         <input_file_ref idref="fl-cb"/>
      </object_component>
      <object_component id="oc-50">
         <name>.debug_abbrev</name>
         <load_address>0x1252</load_address>
         <run_address>0x1252</run_address>
         <size>0x24</size>
         <input_file_ref idref="fl-cb"/>
      </object_component>
      <object_component id="oc-bc">
         <name>.debug_abbrev</name>
         <load_address>0x1276</load_address>
         <run_address>0x1276</run_address>
         <size>0x24</size>
         <input_file_ref idref="fl-cb"/>
      </object_component>
      <object_component id="oc-112">
         <name>.debug_abbrev</name>
         <load_address>0x129a</load_address>
         <run_address>0x129a</run_address>
         <size>0x37</size>
         <input_file_ref idref="fl-cc"/>
      </object_component>
      <object_component id="oc-3d">
         <name>.debug_abbrev</name>
         <load_address>0x12d1</load_address>
         <run_address>0x12d1</run_address>
         <size>0x6f</size>
         <input_file_ref idref="fl-cc"/>
      </object_component>
      <object_component id="oc-40">
         <name>.debug_abbrev</name>
         <load_address>0x1340</load_address>
         <run_address>0x1340</run_address>
         <size>0x24</size>
         <input_file_ref idref="fl-cc"/>
      </object_component>
      <object_component id="oc-10f">
         <name>.debug_abbrev</name>
         <load_address>0x1364</load_address>
         <run_address>0x1364</run_address>
         <size>0x35</size>
         <input_file_ref idref="fl-cc"/>
      </object_component>
      <object_component id="oc-b5">
         <name>.debug_abbrev</name>
         <load_address>0x1399</load_address>
         <run_address>0x1399</run_address>
         <size>0x24</size>
         <input_file_ref idref="fl-cc"/>
      </object_component>
      <object_component id="oc-78">
         <name>.debug_abbrev</name>
         <load_address>0x13bd</load_address>
         <run_address>0x13bd</run_address>
         <size>0x29</size>
         <input_file_ref idref="fl-cd"/>
      </object_component>
      <object_component id="oc-dd">
         <name>.debug_abbrev</name>
         <load_address>0x13e6</load_address>
         <run_address>0x13e6</run_address>
         <size>0x55</size>
         <input_file_ref idref="fl-cd"/>
      </object_component>
      <object_component id="oc-1d4">
         <name>.debug_abbrev</name>
         <load_address>0x143b</load_address>
         <run_address>0x143b</run_address>
         <size>0xc0</size>
         <input_file_ref idref="fl-cf"/>
      </object_component>
      <object_component id="oc-1a2">
         <name>.debug_abbrev</name>
         <load_address>0x14fb</load_address>
         <run_address>0x14fb</run_address>
         <size>0x7e</size>
         <input_file_ref idref="fl-cf"/>
      </object_component>
      <object_component id="oc-1d8">
         <name>.debug_abbrev</name>
         <load_address>0x1579</load_address>
         <run_address>0x1579</run_address>
         <size>0x24</size>
         <input_file_ref idref="fl-cf"/>
      </object_component>
      <object_component id="oc-1ee">
         <name>.debug_abbrev</name>
         <load_address>0x159d</load_address>
         <run_address>0x159d</run_address>
         <size>0x24</size>
         <input_file_ref idref="fl-cf"/>
      </object_component>
      <object_component id="oc-1dd">
         <name>.debug_abbrev</name>
         <load_address>0x15c1</load_address>
         <run_address>0x15c1</run_address>
         <size>0x24</size>
         <input_file_ref idref="fl-cf"/>
      </object_component>
      <object_component id="oc-1e2">
         <name>.debug_abbrev</name>
         <load_address>0x15e5</load_address>
         <run_address>0x15e5</run_address>
         <size>0x4b</size>
         <input_file_ref idref="fl-cf"/>
      </object_component>
      <object_component id="oc-11c">
         <name>.debug_abbrev</name>
         <load_address>0x1630</load_address>
         <run_address>0x1630</run_address>
         <size>0x55</size>
         <input_file_ref idref="fl-d0"/>
      </object_component>
      <object_component id="oc-198">
         <name>.debug_abbrev</name>
         <load_address>0x1685</load_address>
         <run_address>0x1685</run_address>
         <size>0x45</size>
         <input_file_ref idref="fl-d2"/>
      </object_component>
      <object_component id="oc-229">
         <name>.debug_abbrev</name>
         <load_address>0x16ca</load_address>
         <run_address>0x16ca</run_address>
         <size>0xf</size>
      </object_component>
      <object_component id="oc-7d">
         <name>.debug_aranges</name>
         <load_address>0x0</load_address>
         <run_address>0x0</run_address>
         <size>0x20</size>
         <input_file_ref idref="fl-1"/>
      </object_component>
      <object_component id="oc-88">
         <name>.debug_aranges</name>
         <load_address>0x20</load_address>
         <run_address>0x20</run_address>
         <size>0x40</size>
         <input_file_ref idref="fl-2"/>
      </object_component>
      <object_component id="oc-11f">
         <name>.debug_aranges</name>
         <load_address>0x60</load_address>
         <run_address>0x60</run_address>
         <size>0x20</size>
         <input_file_ref idref="fl-3"/>
      </object_component>
      <object_component id="oc-30">
         <name>.debug_aranges</name>
         <load_address>0x80</load_address>
         <run_address>0x80</run_address>
         <size>0x38</size>
         <input_file_ref idref="fl-4"/>
      </object_component>
      <object_component id="oc-182">
         <name>.debug_aranges</name>
         <load_address>0xb8</load_address>
         <run_address>0xb8</run_address>
         <size>0xe0</size>
         <input_file_ref idref="fl-5"/>
      </object_component>
      <object_component id="oc-36">
         <name>.debug_aranges</name>
         <load_address>0x198</load_address>
         <run_address>0x198</run_address>
         <size>0xa8</size>
         <input_file_ref idref="fl-6"/>
      </object_component>
      <object_component id="oc-95">
         <name>.debug_aranges</name>
         <load_address>0x240</load_address>
         <run_address>0x240</run_address>
         <size>0x80</size>
         <input_file_ref idref="fl-7"/>
      </object_component>
      <object_component id="oc-d6">
         <name>.debug_aranges</name>
         <load_address>0x2c0</load_address>
         <run_address>0x2c0</run_address>
         <size>0x20</size>
         <input_file_ref idref="fl-8"/>
      </object_component>
      <object_component id="oc-12b">
         <name>.debug_aranges</name>
         <load_address>0x2e0</load_address>
         <run_address>0x2e0</run_address>
         <size>0x80</size>
         <input_file_ref idref="fl-9"/>
      </object_component>
      <object_component id="oc-125">
         <name>.debug_aranges</name>
         <load_address>0x360</load_address>
         <run_address>0x360</run_address>
         <size>0x78</size>
         <input_file_ref idref="fl-a"/>
      </object_component>
      <object_component id="oc-2a">
         <name>.debug_aranges</name>
         <load_address>0x3d8</load_address>
         <run_address>0x3d8</run_address>
         <size>0x30</size>
         <input_file_ref idref="fl-b"/>
      </object_component>
      <object_component id="oc-82">
         <name>.debug_aranges</name>
         <load_address>0x408</load_address>
         <run_address>0x408</run_address>
         <size>0x48</size>
         <input_file_ref idref="fl-c"/>
      </object_component>
      <object_component id="oc-188">
         <name>.debug_aranges</name>
         <load_address>0x450</load_address>
         <run_address>0x450</run_address>
         <size>0x20</size>
         <input_file_ref idref="fl-d"/>
      </object_component>
      <object_component id="oc-f4">
         <name>.debug_aranges</name>
         <load_address>0x470</load_address>
         <run_address>0x470</run_address>
         <size>0x20</size>
         <input_file_ref idref="fl-c7"/>
      </object_component>
      <object_component id="oc-fc">
         <name>.debug_aranges</name>
         <load_address>0x490</load_address>
         <run_address>0x490</run_address>
         <size>0x20</size>
         <input_file_ref idref="fl-c8"/>
      </object_component>
      <object_component id="oc-4a">
         <name>.debug_aranges</name>
         <load_address>0x4b0</load_address>
         <run_address>0x4b0</run_address>
         <size>0x20</size>
         <input_file_ref idref="fl-c9"/>
      </object_component>
      <object_component id="oc-56">
         <name>.debug_aranges</name>
         <load_address>0x4d0</load_address>
         <run_address>0x4d0</run_address>
         <size>0x20</size>
         <input_file_ref idref="fl-ca"/>
      </object_component>
      <object_component id="oc-1e">
         <name>.debug_aranges</name>
         <load_address>0x4f0</load_address>
         <run_address>0x4f0</run_address>
         <size>0x20</size>
         <input_file_ref idref="fl-cb"/>
      </object_component>
      <object_component id="oc-18">
         <name>.debug_aranges</name>
         <load_address>0x510</load_address>
         <run_address>0x510</run_address>
         <size>0x20</size>
         <input_file_ref idref="fl-cc"/>
      </object_component>
      <object_component id="oc-68">
         <name>.debug_aranges</name>
         <load_address>0x530</load_address>
         <run_address>0x530</run_address>
         <size>0x20</size>
         <input_file_ref idref="fl-cd"/>
      </object_component>
      <object_component id="oc-13e">
         <name>.debug_aranges</name>
         <load_address>0x550</load_address>
         <run_address>0x550</run_address>
         <size>0x20</size>
         <input_file_ref idref="fl-cf"/>
      </object_component>
      <object_component id="oc-d0">
         <name>.debug_aranges</name>
         <load_address>0x570</load_address>
         <run_address>0x570</run_address>
         <size>0x20</size>
         <input_file_ref idref="fl-d0"/>
      </object_component>
      <object_component id="oc-132">
         <name>.debug_aranges</name>
         <load_address>0x590</load_address>
         <run_address>0x590</run_address>
         <size>0x20</size>
         <input_file_ref idref="fl-d2"/>
      </object_component>
      <object_component id="oc-7e">
         <name>.debug_pubnames</name>
         <load_address>0x0</load_address>
         <run_address>0x0</run_address>
         <size>0x2c</size>
         <input_file_ref idref="fl-1"/>
      </object_component>
      <object_component id="oc-89">
         <name>.debug_pubnames</name>
         <load_address>0x2c</load_address>
         <run_address>0x2c</run_address>
         <size>0x61</size>
         <input_file_ref idref="fl-2"/>
      </object_component>
      <object_component id="oc-120">
         <name>.debug_pubnames</name>
         <load_address>0x8d</load_address>
         <run_address>0x8d</run_address>
         <size>0x2d</size>
         <input_file_ref idref="fl-3"/>
      </object_component>
      <object_component id="oc-31">
         <name>.debug_pubnames</name>
         <load_address>0xba</load_address>
         <run_address>0xba</run_address>
         <size>0x55</size>
         <input_file_ref idref="fl-4"/>
      </object_component>
      <object_component id="oc-183">
         <name>.debug_pubnames</name>
         <load_address>0x10f</load_address>
         <run_address>0x10f</run_address>
         <size>0x25d</size>
         <input_file_ref idref="fl-5"/>
      </object_component>
      <object_component id="oc-9b">
         <name>.debug_pubnames</name>
         <load_address>0x36c</load_address>
         <run_address>0x36c</run_address>
         <size>0x35</size>
         <input_file_ref idref="fl-6"/>
      </object_component>
      <object_component id="oc-9f">
         <name>.debug_pubnames</name>
         <load_address>0x3a1</load_address>
         <run_address>0x3a1</run_address>
         <size>0x6d</size>
         <input_file_ref idref="fl-6"/>
      </object_component>
      <object_component id="oc-37">
         <name>.debug_pubnames</name>
         <load_address>0x40e</load_address>
         <run_address>0x40e</run_address>
         <size>0x10c</size>
         <input_file_ref idref="fl-6"/>
      </object_component>
      <object_component id="oc-f9">
         <name>.debug_pubnames</name>
         <load_address>0x51a</load_address>
         <run_address>0x51a</run_address>
         <size>0x27</size>
         <input_file_ref idref="fl-7"/>
      </object_component>
      <object_component id="oc-101">
         <name>.debug_pubnames</name>
         <load_address>0x541</load_address>
         <run_address>0x541</run_address>
         <size>0x24</size>
         <input_file_ref idref="fl-7"/>
      </object_component>
      <object_component id="oc-96">
         <name>.debug_pubnames</name>
         <load_address>0x565</load_address>
         <run_address>0x565</run_address>
         <size>0x12d</size>
         <input_file_ref idref="fl-7"/>
      </object_component>
      <object_component id="oc-d7">
         <name>.debug_pubnames</name>
         <load_address>0x692</load_address>
         <run_address>0x692</run_address>
         <size>0x1b</size>
         <input_file_ref idref="fl-8"/>
      </object_component>
      <object_component id="oc-190">
         <name>.debug_pubnames</name>
         <load_address>0x6ad</load_address>
         <run_address>0x6ad</run_address>
         <size>0x1e</size>
         <input_file_ref idref="fl-9"/>
      </object_component>
      <object_component id="oc-12c">
         <name>.debug_pubnames</name>
         <load_address>0x6cb</load_address>
         <run_address>0x6cb</run_address>
         <size>0xab</size>
         <input_file_ref idref="fl-9"/>
      </object_component>
      <object_component id="oc-126">
         <name>.debug_pubnames</name>
         <load_address>0x776</load_address>
         <run_address>0x776</run_address>
         <size>0xb2</size>
         <input_file_ref idref="fl-a"/>
      </object_component>
      <object_component id="oc-15">
         <name>.debug_pubnames</name>
         <load_address>0x828</load_address>
         <run_address>0x828</run_address>
         <size>0x23</size>
         <input_file_ref idref="fl-b"/>
      </object_component>
      <object_component id="oc-2b">
         <name>.debug_pubnames</name>
         <load_address>0x84b</load_address>
         <run_address>0x84b</run_address>
         <size>0x3f</size>
         <input_file_ref idref="fl-b"/>
      </object_component>
      <object_component id="oc-83">
         <name>.debug_pubnames</name>
         <load_address>0x88a</load_address>
         <run_address>0x88a</run_address>
         <size>0x6e</size>
         <input_file_ref idref="fl-c"/>
      </object_component>
      <object_component id="oc-189">
         <name>.debug_pubnames</name>
         <load_address>0x8f8</load_address>
         <run_address>0x8f8</run_address>
         <size>0x26</size>
         <input_file_ref idref="fl-d"/>
      </object_component>
      <object_component id="oc-f5">
         <name>.debug_pubnames</name>
         <load_address>0x91e</load_address>
         <run_address>0x91e</run_address>
         <size>0x23</size>
         <input_file_ref idref="fl-c7"/>
      </object_component>
      <object_component id="oc-fd">
         <name>.debug_pubnames</name>
         <load_address>0x941</load_address>
         <run_address>0x941</run_address>
         <size>0x23</size>
         <input_file_ref idref="fl-c8"/>
      </object_component>
      <object_component id="oc-4b">
         <name>.debug_pubnames</name>
         <load_address>0x964</load_address>
         <run_address>0x964</run_address>
         <size>0x1d</size>
         <input_file_ref idref="fl-c9"/>
      </object_component>
      <object_component id="oc-57">
         <name>.debug_pubnames</name>
         <load_address>0x981</load_address>
         <run_address>0x981</run_address>
         <size>0x2e</size>
         <input_file_ref idref="fl-ca"/>
      </object_component>
      <object_component id="oc-1f">
         <name>.debug_pubnames</name>
         <load_address>0x9af</load_address>
         <run_address>0x9af</run_address>
         <size>0x2b</size>
         <input_file_ref idref="fl-cb"/>
      </object_component>
      <object_component id="oc-19">
         <name>.debug_pubnames</name>
         <load_address>0x9da</load_address>
         <run_address>0x9da</run_address>
         <size>0x2b</size>
         <input_file_ref idref="fl-cc"/>
      </object_component>
      <object_component id="oc-27">
         <name>.debug_pubnames</name>
         <load_address>0xa05</load_address>
         <run_address>0xa05</run_address>
         <size>0x1e</size>
         <input_file_ref idref="fl-cd"/>
      </object_component>
      <object_component id="oc-69">
         <name>.debug_pubnames</name>
         <load_address>0xa23</load_address>
         <run_address>0xa23</run_address>
         <size>0x26</size>
         <input_file_ref idref="fl-cd"/>
      </object_component>
      <object_component id="oc-13f">
         <name>.debug_pubnames</name>
         <load_address>0xa49</load_address>
         <run_address>0xa49</run_address>
         <size>0x35</size>
         <input_file_ref idref="fl-cf"/>
      </object_component>
      <object_component id="oc-d1">
         <name>.debug_pubnames</name>
         <load_address>0xa7e</load_address>
         <run_address>0xa7e</run_address>
         <size>0x27</size>
         <input_file_ref idref="fl-d0"/>
      </object_component>
      <object_component id="oc-133">
         <name>.debug_pubnames</name>
         <load_address>0xaa5</load_address>
         <run_address>0xaa5</run_address>
         <size>0x1c</size>
         <input_file_ref idref="fl-d2"/>
      </object_component>
      <object_component id="oc-8b">
         <name>.debug_frame</name>
         <load_address>0x0</load_address>
         <run_address>0x0</run_address>
         <size>0xb8</size>
         <input_file_ref idref="fl-2"/>
      </object_component>
      <object_component id="oc-122">
         <name>.debug_frame</name>
         <load_address>0xb8</load_address>
         <run_address>0xb8</run_address>
         <size>0x54</size>
         <input_file_ref idref="fl-3"/>
      </object_component>
      <object_component id="oc-33">
         <name>.debug_frame</name>
         <load_address>0x10c</load_address>
         <run_address>0x10c</run_address>
         <size>0xac</size>
         <input_file_ref idref="fl-4"/>
      </object_component>
      <object_component id="oc-185">
         <name>.debug_frame</name>
         <load_address>0x1b8</load_address>
         <run_address>0x1b8</run_address>
         <size>0x2a4</size>
         <input_file_ref idref="fl-5"/>
      </object_component>
      <object_component id="oc-39">
         <name>.debug_frame</name>
         <load_address>0x45c</load_address>
         <run_address>0x45c</run_address>
         <size>0x1f4</size>
         <input_file_ref idref="fl-6"/>
      </object_component>
      <object_component id="oc-98">
         <name>.debug_frame</name>
         <load_address>0x650</load_address>
         <run_address>0x650</run_address>
         <size>0x190</size>
         <input_file_ref idref="fl-7"/>
      </object_component>
      <object_component id="oc-d9">
         <name>.debug_frame</name>
         <load_address>0x7e0</load_address>
         <run_address>0x7e0</run_address>
         <size>0x5c</size>
         <input_file_ref idref="fl-8"/>
      </object_component>
      <object_component id="oc-12e">
         <name>.debug_frame</name>
         <load_address>0x83c</load_address>
         <run_address>0x83c</run_address>
         <size>0x180</size>
         <input_file_ref idref="fl-9"/>
      </object_component>
      <object_component id="oc-128">
         <name>.debug_frame</name>
         <load_address>0x9bc</load_address>
         <run_address>0x9bc</run_address>
         <size>0x174</size>
         <input_file_ref idref="fl-a"/>
      </object_component>
      <object_component id="oc-2d">
         <name>.debug_frame</name>
         <load_address>0xb30</load_address>
         <run_address>0xb30</run_address>
         <size>0x7c</size>
         <input_file_ref idref="fl-b"/>
      </object_component>
      <object_component id="oc-85">
         <name>.debug_frame</name>
         <load_address>0xbac</load_address>
         <run_address>0xbac</run_address>
         <size>0xc8</size>
         <input_file_ref idref="fl-c"/>
      </object_component>
      <object_component id="oc-18b">
         <name>.debug_frame</name>
         <load_address>0xc74</load_address>
[...]
         <value>0x2ab1</value>
         <object_component_ref idref="oc-86"/>
      </symbol>
      <symbol id="sm-79">
         <name>uint32ToHexString</name>
         <value>0x2be3</value>
         <object_component_ref idref="oc-86"/>
      </symbol>
      <symbol id="sm-7a">
         <name>numToStr</name>
         <value>0x2b45</value>
         <object_component_ref idref="oc-86"/>
      </symbol>
      <symbol id="sm-7b">
         <name>hexStringToUint32</name>
         <value>0x2c3b</value>
         <object_component_ref idref="oc-86"/>
      </symbol>
      <symbol id="sm-7c">
         <name>strCpy</name>
         <value>0x2b01</value>
         <object_component_ref idref="oc-86"/>
      </symbol>
      <symbol id="sm-8e">
         <name>initSystemClockTo40Mhz</name>
         <value>0x3285</value>
         <object_component_ref idref="oc-11d"/>
      </symbol>
      <symbol id="sm-bb">
         <name>usageFaultIsr</name>
         <value>0x2145</value>
         <object_component_ref idref="oc-2e"/>
      </symbol>
      <symbol id="sm-bc">
         <name>busFaultIsr</name>
         <value>0x2131</value>
         <object_component_ref idref="oc-2e"/>
      </symbol>
      <symbol id="sm-bd">
         <name>hardFaultIsr</name>
         <value>0x1fcd</value>
         <object_component_ref idref="oc-2e"/>
      </symbol>
      <symbol id="sm-be">
         <name>mpuFaultIsr</name>
         <value>0x1e4d</value>
         <object_component_ref idref="oc-2e"/>
      </symbol>
      <symbol id="sm-139">
         <name>selectPinInterruptBothEdges</name>
         <value>0x1543</value>
         <object_component_ref idref="oc-180"/>
      </symbol>
      <symbol id="sm-13a">
         <name>getPortValue</name>
         <value>0x1779</value>
         <object_component_ref idref="oc-180"/>
      </symbol>
      <symbol id="sm-13b">
         <name>selectPinAnalogInput</name>
         <value>0x1227</value>
         <object_component_ref idref="oc-180"/>
      </symbol>
      <symbol id="sm-13c">
         <name>clearPinInterrupt</name>
         <value>0x1655</value>
         <object_component_ref idref="oc-180"/>
      </symbol>
      <symbol id="sm-13d">
         <name>selectPinPushPullOutput</name>
         <value>0x113d</value>
         <object_component_ref idref="oc-180"/>
      </symbol>
      <symbol id="sm-13e">
         <name>selectPinInterruptHighLevel</name>
         <value>0x1599</value>
         <object_component_ref idref="oc-180"/>
      </symbol>
      <symbol id="sm-13f">
         <name>selectPinInterruptFallingEdge</name>
         <value>0x14f3</value>
         <object_component_ref idref="oc-180"/>
      </symbol>
      <symbol id="sm-140">
         <name>selectPinOpenDrainOutput</name>
         <value>0x118b</value>
         <object_component_ref idref="oc-180"/>
      </symbol>
      <symbol id="sm-141">
         <name>selectPinInterruptLowLevel</name>
         <value>0x15d3</value>
         <object_component_ref idref="oc-180"/>
      </symbol>
      <symbol id="sm-142">
         <name>setPortValue</name>
         <value>0x1701</value>
         <object_component_ref idref="oc-180"/>
      </symbol>
      <symbol id="sm-143">
         <name>enablePinInterrupt</name>
         <value>0x160d</value>
         <object_component_ref idref="oc-180"/>
      </symbol>
      <symbol id="sm-144">
         <name>setPinAuxFunction</name>
         <value>0x1391</value>
         <object_component_ref idref="oc-180"/>
      </symbol>
      <symbol id="sm-145">
         <name>enablePort</name>
         <value>0x1001</value>
         <object_component_ref idref="oc-180"/>
      </symbol>
      <symbol id="sm-146">
         <name>disablePinPulldown</name>
         <value>0x1369</value>
         <object_component_ref idref="oc-180"/>
      </symbol>
      <symbol id="sm-147">
         <name>setPinCommitControl</name>
         <value>0x1277</value>
         <object_component_ref idref="oc-180"/>
      </symbol>
      <symbol id="sm-148">
         <name>disablePort</name>
         <value>0x10bd</value>
         <object_component_ref idref="oc-180"/>
      </symbol>
      <symbol id="sm-149">
         <name>disablePinInterrupt</name>
         <value>0x1631</value>
         <object_component_ref idref="oc-180"/>
      </symbol>
      <symbol id="sm-14a">
         <name>enablePinPullup</name>
         <value>0x12f3</value>
         <object_component_ref idref="oc-180"/>
      </symbol>
      <symbol id="sm-14b">
         <name>togglePinValue</name>
         <value>0x169f</value>
         <object_component_ref idref="oc-180"/>
      </symbol>
      <symbol id="sm-14c">
         <name>getPinValue</name>
         <value>0x16c3</value>
         <object_component_ref idref="oc-180"/>
      </symbol>
      <symbol id="sm-14d">
         <name>enablePinPulldown</name>
         <value>0x1345</value>
         <object_component_ref idref="oc-180"/>
      </symbol>
      <symbol id="sm-14e">
         <name>disablePinPullup</name>
         <value>0x1321</value>
         <object_component_ref idref="oc-180"/>
      </symbol>
      <symbol id="sm-14f">
         <name>selectPinDigitalInput</name>
         <value>0x11d9</value>
         <object_component_ref idref="oc-180"/>
      </symbol>
      <symbol id="sm-150">
         <name>selectPinInterruptRisingEdge</name>
         <value>0x14a3</value>
         <object_component_ref idref="oc-180"/>
      </symbol>
      <symbol id="sm-151">
         <name>setPinValue</name>
         <value>0x1679</value>
         <object_component_ref idref="oc-180"/>
      </symbol>
      <symbol id="sm-1b5">
         <name>mutexes</name>
         <value>0x200002ac</value>
      </symbol>
      <symbol id="sm-1b6">
         <name>semaphores</name>
         <value>0x200002a0</value>
      </symbol>
      <symbol id="sm-1b7">
         <name>tcb</name>
         <value>0x20000000</value>
      </symbol>
      <symbol id="sm-1b8">
         <name>priorityInheritance</name>
         <value>0x20000553</value>
         <object_component_ref idref="oc-9d"/>
      </symbol>
      <symbol id="sm-1b9">
         <name>initRtos</name>
         <value>0x230b</value>
         <object_component_ref idref="oc-34"/>
      </symbol>
      <symbol id="sm-1ba">
         <name>initSemaphore</name>
         <value>0x22cd</value>
         <object_component_ref idref="oc-34"/>
      </symbol>
      <symbol id="sm-1bb">
         <name>pendSvIsr</name>
         <value>0x25b9</value>
         <object_component_ref idref="oc-34"/>
      </symbol>
      <symbol id="sm-1bc">
         <name>initMutex</name>
         <value>0x2285</value>
         <object_component_ref idref="oc-34"/>
      </symbol>
      <symbol id="sm-1bd">
         <name>rtosScheduler</name>
         <value>0x2359</value>
         <object_component_ref idref="oc-34"/>
      </symbol>
      <symbol id="sm-1be">
         <name>taskCount</name>
         <value>0x20000551</value>
         <object_component_ref idref="oc-9d"/>
      </symbol>
      <symbol id="sm-1bf">
         <name>stopThread</name>
         <value>0x2559</value>
         <object_component_ref idref="oc-34"/>
      </symbol>
      <symbol id="sm-1c0">
         <name>systickIsr</name>
         <value>0x25af</value>
         <object_component_ref idref="oc-34"/>
      </symbol>
      <symbol id="sm-1c1">
         <name>preemption</name>
         <value>0x20000554</value>
         <object_component_ref idref="oc-9d"/>
      </symbol>
      <symbol id="sm-1c2">
         <name>unlock</name>
         <value>0x258b</value>
         <object_component_ref idref="oc-34"/>
      </symbol>
      <symbol id="sm-1c3">
         <name>restartThread</name>
         <value>0x254f</value>
         <object_component_ref idref="oc-34"/>
      </symbol>
      <symbol id="sm-1c4">
         <name>wait</name>
         <value>0x2597</value>
         <object_component_ref idref="oc-34"/>
      </symbol>
      <symbol id="sm-1c5">
         <name>svCallIsr</name>
         <value>0x261d</value>
         <object_component_ref idref="oc-34"/>
      </symbol>
      <symbol id="sm-1c6">
         <name>taskCurrent</name>
         <value>0x20000550</value>
         <object_component_ref idref="oc-9d"/>
      </symbol>
      <symbol id="sm-1c7">
         <name>post</name>
         <value>0x25a3</value>
         <object_component_ref idref="oc-34"/>
      </symbol>
      <symbol id="sm-1c8">
         <name>startRtos</name>
         <value>0x23af</value>
         <object_component_ref idref="oc-34"/>
      </symbol>
      <symbol id="sm-1c9">
         <name>setThreadPriority</name>
         <value>0x2563</value>
         <object_component_ref idref="oc-34"/>
      </symbol>
      <symbol id="sm-1ca">
         <name>priorityScheduler</name>
         <value>0x20000552</value>
         <object_component_ref idref="oc-9d"/>
      </symbol>
      <symbol id="sm-1cb">
         <name>createThread</name>
         <value>0x23cd</value>
         <object_component_ref idref="oc-34"/>
      </symbol>
      <symbol id="sm-1cc">
         <name>yield</name>
         <value>0x2571</value>
         <object_component_ref idref="oc-34"/>
      </symbol>
      <symbol id="sm-1cd">
         <name>lock</name>
         <value>0x257f</value>
         <object_component_ref idref="oc-34"/>
      </symbol>
      <symbol id="sm-1ce">
         <name>sleep</name>
         <value>0x2575</value>
         <object_component_ref idref="oc-34"/>
      </symbol>
      <symbol id="sm-2a4">
         <name>subregionUseData</name>
         <value>0x20000548</value>
         <object_component_ref idref="oc-f7"/>
      </symbol>
      <symbol id="sm-2a5">
         <name>allocatedData</name>
         <value>0x200004b8</value>
         <object_component_ref idref="oc-ff"/>
      </symbol>
      <symbol id="sm-2a6">
         <name>setupSramAccess</name>
         <value>0x605</value>
         <object_component_ref idref="oc-93"/>
      </symbol>
      <symbol id="sm-2a7">
         <name>createNoSramAccessMask</name>
         <value>0x677</value>
         <object_component_ref idref="oc-93"/>
      </symbol>
      <symbol id="sm-2a8">
         <name>allowFlashAccess</name>
         <value>0x5db</value>
         <object_component_ref idref="oc-93"/>
      </symbol>
      <symbol id="sm-2a9">
         <name>addSramAccessWindow</name>
         <value>0x681</value>
         <object_component_ref idref="oc-93"/>
      </symbol>
      <symbol id="sm-2aa">
         <name>addAllocation</name>
         <value>0xf79</value>
         <object_component_ref idref="oc-93"/>
      </symbol>
      <symbol id="sm-2ab">
         <name>calculateIndex</name>
         <value>0xe25</value>
         <object_component_ref idref="oc-93"/>
      </symbol>
      <symbol id="sm-2ac">
         <name>getMallocAddr</name>
         <value>0x7ed</value>
         <object_component_ref idref="oc-93"/>
      </symbol>
      <symbol id="sm-2ad">
         <name>allowPeripheralAccess</name>
         <value>0x5ef</value>
         <object_component_ref idref="oc-93"/>
      </symbol>
      <symbol id="sm-2ae">
         <name>calculateBlockRequired</name>
         <value>0x78d</value>
         <object_component_ref idref="oc-93"/>
      </symbol>
      <symbol id="sm-2af">
         <name>freeToHeap</name>
         <value>0x497</value>
         <object_component_ref idref="oc-93"/>
      </symbol>
      <symbol id="sm-2b0">
         <name>findConsecutiveSpace</name>
         <value>0x89d</value>
         <object_component_ref idref="oc-93"/>
      </symbol>
      <symbol id="sm-2b1">
         <name>mallocFromHeap</name>
         <value>0x26d</value>
         <object_component_ref idref="oc-93"/>
      </symbol>
      <symbol id="sm-2b2">
         <name>applySramAccessMask</name>
         <value>0x705</value>
         <object_component_ref idref="oc-93"/>
      </symbol>
      <symbol id="sm-2d5">
         <name>main</name>
         <value>0x2ce1</value>
         <object_component_ref idref="oc-d4"/>
      </symbol>
      <symbol id="sm-349">
         <name>isCommand</name>
         <value>0x1dd7</value>
         <object_component_ref idref="oc-129"/>
      </symbol>
      <symbol id="sm-34a">
         <name>getFieldString</name>
         <value>0x1cab</value>
         <object_component_ref idref="oc-129"/>
      </symbol>
      <symbol id="sm-34b">
         <name>pidof</name>
         <value>0x1a13</value>
         <object_component_ref idref="oc-129"/>
      </symbol>
      <symbol id="sm-34c">
         <name>ipcs</name>
         <value>0x1ac9</value>
         <object_component_ref idref="oc-129"/>
      </symbol>
      <symbol id="sm-34d">
         <name>parseFields</name>
         <value>0x1b39</value>
         <object_component_ref idref="oc-129"/>
      </symbol>
      <symbol id="sm-34e">
         <name>getFieldInteger</name>
         <value>0x1d21</value>
         <object_component_ref idref="oc-129"/>
      </symbol>
      <symbol id="sm-34f">
         <name>ps</name>
         <value>0x1ad9</value>
         <object_component_ref idref="oc-129"/>
      </symbol>
      <symbol id="sm-350">
         <name>pi</name>
         <value>0x1a7b</value>
         <object_component_ref idref="oc-129"/>
      </symbol>
      <symbol id="sm-351">
         <name>shell</name>
         <value>0x1809</value>
         <object_component_ref idref="oc-129"/>
      </symbol>
      <symbol id="sm-352">
         <name>kill</name>
         <value>0x1aa3</value>
         <object_component_ref idref="oc-129"/>
      </symbol>
      <symbol id="sm-353">
         <name>pkill</name>
         <value>0x19fb</value>
         <object_component_ref idref="oc-129"/>
      </symbol>
      <symbol id="sm-354">
         <name>preempt</name>
         <value>0x1a53</value>
         <object_component_ref idref="oc-129"/>
      </symbol>
      <symbol id="sm-355">
         <name>sched</name>
         <value>0x1a2b</value>
         <object_component_ref idref="oc-129"/>
      </symbol>
      <symbol id="sm-3a0">
         <name>initHw</name>
         <value>0x26b1</value>
         <object_component_ref idref="oc-123"/>
      </symbol>
      <symbol id="sm-3a1">
         <name>flash4Hz</name>
         <value>0x285f</value>
         <object_component_ref idref="oc-123"/>
      </symbol>
      <symbol id="sm-3a2">
         <name>idle</name>
         <value>0x283d</value>
         <object_component_ref idref="oc-123"/>
      </symbol>
      <symbol id="sm-3a3">
         <name>readKeys</name>
         <value>0x2935</value>
         <object_component_ref idref="oc-123"/>
      </symbol>
      <symbol id="sm-3a4">
         <name>debounce</name>
         <value>0x2a05</value>
         <object_component_ref idref="oc-123"/>
      </symbol>
      <symbol id="sm-3a5">
         <name>partOfLengthyFn</name>
         <value>0x28a3</value>
         <object_component_ref idref="oc-123"/>
      </symbol>
      <symbol id="sm-3a6">
         <name>oneshot</name>
         <value>0x2881</value>
         <object_component_ref idref="oc-123"/>
      </symbol>
      <symbol id="sm-3a7">
         <name>readPbs</name>
         <value>0x27ab</value>
         <object_component_ref idref="oc-123"/>
      </symbol>
      <symbol id="sm-3a8">
         <name>errant</name>
         <value>0x2a57</value>
         <object_component_ref idref="oc-123"/>
      </symbol>
      <symbol id="sm-3a9">
         <name>uncooperative</name>
         <value>0x2a47</value>
         <object_component_ref idref="oc-123"/>
      </symbol>
      <symbol id="sm-3aa">
         <name>important</name>
         <value>0x2a75</value>
         <object_component_ref idref="oc-123"/>
      </symbol>
      <symbol id="sm-3ab">
         <name>lengthyFn</name>
         <value>0x28b3</value>
         <object_component_ref idref="oc-123"/>
      </symbol>
      <symbol id="sm-3c4">
         <name>ResetISR</name>
         <value>0x32a3</value>
         <object_component_ref idref="oc-28"/>
      </symbol>
      <symbol id="sm-3c5">
         <name>g_pfnVectors</name>
         <value>0x0</value>
         <object_component_ref idref="oc-13"/>
      </symbol>
      <symbol id="sm-3ec">
         <name>getcUart0</name>
         <value>0x2f4d</value>
         <object_component_ref idref="oc-80"/>
      </symbol>
      <symbol id="sm-3ed">
         <name>kbhitUart0</name>
         <value>0x2f61</value>
         <object_component_ref idref="oc-80"/>
      </symbol>
      <symbol id="sm-3ee">
         <name>setUart0BaudRate</name>
         <value>0x2ec1</value>
         <object_component_ref idref="oc-80"/>
      </symbol>
      <symbol id="sm-3ef">
         <name>putsUart0</name>
         <value>0x2f21</value>
         <object_component_ref idref="oc-80"/>
      </symbol>
      <symbol id="sm-3f0">
         <name>initUart0</name>
         <value>0x2e4d</value>
         <object_component_ref idref="oc-80"/>
      </symbol>
      <symbol id="sm-3f1">
         <name>putcUart0</name>
         <value>0x2f05</value>
         <object_component_ref idref="oc-80"/>
      </symbol>
      <symbol id="sm-3ff">
         <name>waitMicrosecond</name>
         <value>0x3209</value>
         <object_component_ref idref="oc-186"/>
      </symbol>
      <symbol id="sm-408">
         <name>__aeabi_llsl</name>
         <value>0x322d</value>
         <object_component_ref idref="oc-f2"/>
      </symbol>
      <symbol id="sm-411">
         <name>__aeabi_llsr</name>
         <value>0x324b</value>
         <object_component_ref idref="oc-fa"/>
      </symbol>
      <symbol id="sm-42c">
         <name>memcpy</name>
         <value>0x308b</value>
         <object_component_ref idref="oc-48"/>
      </symbol>
      <symbol id="sm-42d">
         <name>__aeabi_memcpy</name>
         <value>0x308b</value>
         <object_component_ref idref="oc-48"/>
      </symbol>
      <symbol id="sm-42e">
         <name>__aeabi_memcpy8</name>
         <value>0x308b</value>
         <object_component_ref idref="oc-48"/>
      </symbol>
      <symbol id="sm-42f">
         <name>__aeabi_memcpy4</name>
         <value>0x308b</value>
         <object_component_ref idref="oc-48"/>
      </symbol>
      <symbol id="sm-448">
         <name>__TI_zero_init_nomemset</name>
         <value>0x3269</value>
         <object_component_ref idref="oc-54"/>
      </symbol>
      <symbol id="sm-45f">
         <name>__TI_decompress_none</name>
         <value>0x3295</value>
         <object_component_ref idref="oc-1c"/>
      </symbol>
      <symbol id="sm-482">
         <name>__TI_decompress_lzss</name>
         <value>0x3127</value>
         <object_component_ref idref="oc-16"/>
      </symbol>
      <symbol id="sm-495">
         <name>__stack</name>
         <value>0x200002b8</value>
         <object_component_ref idref="oc-25"/>
      </symbol>
      <symbol id="sm-496">
         <name>_c_int00_noargs</name>
         <value>0x31d5</value>
         <object_component_ref idref="oc-66"/>
      </symbol>
      <symbol id="sm-4bf">
         <name>__TI_auto_init_nobinit_nopinit</name>
         <value>0x3191</value>
         <object_component_ref idref="oc-13c"/>
      </symbol>
      <symbol id="sm-4c9">
         <name>_system_pre_init</name>
         <value>0x32ad</value>
         <object_component_ref idref="oc-ce"/>
      </symbol>
      <symbol id="sm-4d5">
         <name>C$$EXIT</name>
         <value>0x32b1</value>
         <object_component_ref idref="oc-130"/>
      </symbol>
      <symbol id="sm-4d6">
         <name>abort</name>
         <value>0x32b1</value>
         <object_component_ref idref="oc-130"/>
      </symbol>
      <symbol id="sm-4d9">
         <name>__TI_static_base__</name>
         <value>0x0</value>
      </symbol>
      <symbol id="sm-4dc">
         <name>__mpu_init</name>
         <value>0x0</value>
      </symbol>
      <symbol id="sm-4dd">
         <name>_system_post_cinit</name>
         <value>0x0</value>
      </symbol>
   </symbol_table>
   <title>Link successful</title>
</link_info>
