******************************************************************************
                  TI ARM Linker Unix v20.2.7                   
******************************************************************************
>> Linked Sat Nov  2 00:18:44 2024

OUTPUT FILE NAME:   <rtos_project.out>
ENTRY POINT SYMBOL: "_c_int00_noargs"  address: 000036ed


MEMORY CONFIGURATION

         name            origin    length      used     unused   attr    fill
----------------------  --------  ---------  --------  --------  ----  --------
  FLASH                 00000000   00040000  00003818  0003c7e8  R  X
  SRAM                  20000000   00008000  00000562  00007a9e  RW X


SEGMENT ALLOCATION MAP

run origin  load origin   length   init length attrs members
----------  ----------- ---------- ----------- ----- -------
00000000    00000000    00003818   00003818    r-x
  00000000    00000000    0000026c   0000026c    r-- .intvecs
  0000026c    0000026c    00003560   00003560    r-x .text
  000037cc    000037cc    00000014   00000014    r-- .const
  000037e0    000037e0    00000038   00000038    r-- .cinit
20000000    20000000    00000566   00000000    rw-
  20000000    20000000    000002b4   00000000    rw- .bss
  200002b8    200002b8    00000200   00000000    rw- .stack
  200004b8    200004b8    000000ae   00000000    rw- .data


SECTION ALLOCATION MAP

 output                                  attributes/
section   page    origin      length       input sections
--------  ----  ----------  ----------   ----------------
.intvecs   0    00000000    0000026c     
                  00000000    0000026c     tm4c123gh6pm_startup_ccs.obj (.intvecs)

.text      0    0000026c    00003560     
                  0000026c    00000d9c     mm.obj (.text)
                  00001008    000008d8     kernel.obj (.text)
                  000018e0    00000808     gpio.obj (.text)
                  000020e8    00000642     shell.obj (.text)
                  0000272a    00000002     --HOLE-- [fill = 0]
                  0000272c    00000440     tasks.obj (.text)
                  00002b6c    00000438     faults.obj (.text)
                  00002fa4    0000022e     c_fnc.obj (.text)
                  000031d2    00000002     --HOLE-- [fill = 0]
                  000031d4    00000190     rtos.obj (.text)
                  00003364    00000164     uart0.obj (.text)
                  000034c8    000000da     asm_src.obj (.text)
                  000035a2    0000009c     rtsv7M4_T_le_v4SPD16_eabi.lib : memcpy_t2.asm.obj (.text)
                  0000363e    00000068                                   : copy_decompress_lzss.c.obj (.text:decompress:lzss:__TI_decompress_lzss)
                  000036a6    00000002     --HOLE-- [fill = 0]
                  000036a8    00000044                                   : autoinit.c.obj (.text:__TI_auto_init_nobinit_nopinit:__TI_auto_init_nobinit_nopinit)
                  000036ec    00000034                                   : boot_cortex_m.c.obj (.text:_c_int00_noargs:_c_int00_noargs)
                  00003720    00000024     wait.obj (.text)
                  00003744    0000001e     rtsv7M4_T_le_v4SPD16_eabi.lib : ll_lsl_t2.asm.obj (.text)
                  00003762    0000001e                                   : ll_lsr_t2.asm.obj (.text)
                  00003780    0000001c                                   : copy_zero_init.c.obj (.text:decompress:ZI:__TI_zero_init_nomemset:__TI_zero_init_nomemset)
                  0000379c    00000010     clock.obj (.text)
                  000037ac    0000000e     rtsv7M4_T_le_v4SPD16_eabi.lib : copy_decompress_none.c.obj (.text:decompress:none:__TI_decompress_none)
                  000037ba    0000000a     tm4c123gh6pm_startup_ccs.obj (.text)
                  000037c4    00000004     rtsv7M4_T_le_v4SPD16_eabi.lib : pre_init.c.obj (.text:_system_pre_init)
                  000037c8    00000004                                   : exit.c.obj (.text:abort:abort)

.const     0    000037cc    00000014     
                  000037cc    00000014     shell.obj (.const:$P$T0$1)

.cinit     0    000037e0    00000038     
                  000037e0    0000000d     (.cinit..data.load) [load image, compression = lzss]
                  000037ed    00000003     --HOLE-- [fill = 0]
                  000037f0    0000000c     (__TI_handler_table)
                  000037fc    00000004     --HOLE-- [fill = 0]
                  00003800    00000008     (.cinit..bss.load) [load image, compression = zero_init]
                  00003808    00000010     (__TI_cinit_table)

.init_array 
*          0    00000000    00000000     UNINITIALIZED

.bss       0    20000000    000002b4     UNINITIALIZED
                  20000000    000002a0     (.common:tcb)
                  200002a0    0000000c     (.common:semaphores)
                  200002ac    00000008     (.common:mutexes)

.data      0    200004b8    000000ae     UNINITIALIZED
                  200004b8    00000090     mm.obj (.data:allocatedData)
                  20000548    00000010     kernel.obj (.data:priorityTaskCounter$2)
                  20000558    00000008     mm.obj (.data)
                  20000560    00000006     kernel.obj (.data)

.stack     0    200002b8    00000200     UNINITIALIZED
                  200002b8    00000004     rtsv7M4_T_le_v4SPD16_eabi.lib : boot_cortex_m.c.obj (.stack)
                  200002bc    000001fc     --HOLE--

__llvm_prf_cnts 
*          0    20000000    00000000     UNINITIALIZED

MODULE SUMMARY

       Module                         code    ro data   rw data
       ------                         ----    -------   -------
    ./
       mm.obj                         3484    0         152    
       kernel.obj                     2264    0         714    
       gpio.obj                       2056    0         0      
       shell.obj                      1602    20        0      
       tasks.obj                      1088    0         0      
       faults.obj                     1080    0         0      
       tm4c123gh6pm_startup_ccs.obj   10      620       0      
       c_fnc.obj                      558     0         0      
       rtos.obj                       400     0         0      
       uart0.obj                      356     0         0      
       asm_src.obj                    218     0         0      
       wait.obj                       36      0         0      
       clock.obj                      16      0         0      
    +--+------------------------------+-------+---------+---------+
       Total:                         13168   640       866    
                                                               
    /home/deep/ti/ccs1240/ccs/tools/compiler/ti-cgt-arm_20.2.7.LTS/lib/rtsv7M4_T_le_v4SPD16_eabi.lib
       memcpy_t2.asm.obj              156     0         0      
       copy_decompress_lzss.c.obj     104     0         0      
       autoinit.c.obj                 68      0         0      
       boot_cortex_m.c.obj            52      0         0      
       ll_lsl_t2.asm.obj              30      0         0      
       ll_lsr_t2.asm.obj              30      0         0      
       copy_zero_init.c.obj           28      0         0      
       copy_decompress_none.c.obj     14      0         0      
       exit.c.obj                     4       0         0      
       pre_init.c.obj                 4       0         0      
    +--+------------------------------+-------+---------+---------+
       Total:                         490     0         0      
                                                               
       Stack:                         0       0         512    
       Linker Generated:              0       49        0      
    +--+------------------------------+-------+---------+---------+
       Grand Total:                   13658   689       1378   


LINKER GENERATED COPY TABLES

__TI_cinit_table @ 00003808 records: 2, size/record: 8, table size: 16
	.data: load addr=000037e0, load size=0000000d bytes, run addr=200004b8, run size=000000ae bytes, compression=lzss
	.bss: load addr=00003800, load size=00000008 bytes, run addr=20000000, run size=000002b4 bytes, compression=zero_init


LINKER GENERATED HANDLER TABLE

__TI_handler_table @ 000037f0 records: 3, size/record: 4, table size: 12
	index: 0, handler: __TI_decompress_lzss
	index: 1, handler: __TI_decompress_none
	index: 2, handler: __TI_zero_init


GLOBAL SYMBOLS: SORTED ALPHABETICALLY BY Name 

address   name                          
-------   ----                          
000037c9  C$$EXIT                       
000037bb  ResetISR                      
200004b8  __STACK_END                   
00000200  __STACK_SIZE                  
200004b8  __STACK_TOP                   
00003808  __TI_CINIT_Base               
00003818  __TI_CINIT_Limit              
000037f0  __TI_Handler_Table_Base       
000037fc  __TI_Handler_Table_Limit      
000036a9  __TI_auto_init_nobinit_nopinit
0000363f  __TI_decompress_lzss          
000037ad  __TI_decompress_none          
ffffffff  __TI_pprof_out_hndl           
ffffffff  __TI_prof_data_size           
ffffffff  __TI_prof_data_start          
00000000  __TI_static_base__            
00003781  __TI_zero_init_nomemset       
00003745  __aeabi_llsl                  
00003763  __aeabi_llsr                  
000035a3  __aeabi_memcpy                
000035a3  __aeabi_memcpy4               
000035a3  __aeabi_memcpy8               
ffffffff  __binit__                     
ffffffff  __c_args__                    
UNDEFED   __mpu_init                    
200002b8  __stack                       
20000000  __start___llvm_prf_cnts       
20000000  __stop___llvm_prf_cnts        
000036ed  _c_int00_noargs               
UNDEFED   _system_post_cinit            
000037c5  _system_pre_init              
000037c9  abort                         
00000f81  addAllocation                 
00000689  addSramAccessWindow           
200004b8  allocatedData                 
000005e3  allowFlashAccess              
000005f7  allowPeripheralAccess         
0000070d  applySramAccessMask           
ffffffff  binit                         
00002e51  busFaultIsr                   
00000795  calculateBlockRequired        
00000e2d  calculateIndex                
00001f35  clearPinInterrupt             
0000067f  createNoSramAccessMask        
00001219  createThread                  
00002aab  debounce                      
00001f11  disablePinInterrupt           
00001c49  disablePinPulldown            
00001c01  disablePinPullup              
0000199d  disablePort                   
00001eed  enablePinInterrupt            
00001c25  enablePinPulldown             
00001bd3  enablePinPullup               
000018e1  enablePort                    
00002b01  errant                        
000008a5  findConsecutiveSpace          
000028f1  flash4Hz                      
0000049b  freeToHeap                    
00000000  g_pfnVectors                  
00002601  getFieldInteger               
0000258b  getFieldString                
000007f5  getMallocAddr                 
000034ef  getMsp                        
00001fa3  getPinValue                   
00002059  getPortValue                  
000034e9  getPsp                        
000034f5  getStackDump                  
00003465  getcUart0                     
000034d7  goThreadMode                  
00003537  goUserMode                    
00002ced  hardFaultIsr                  
0000312f  hexStringToUint32             
000028cd  idle                          
00002b35  important                     
0000272d  initHw                        
00001009  initMutex                     
000010a9  initRtos                      
0000105f  initSemaphore                 
0000379d  initSystemClockTo40Mhz        
00003365  initUart0                     
000023a9  ipcs                          
000026b7  isCommand                     
00003479  kbhitUart0                    
00002383  kill                          
00002955  lengthyFn                     
000013e1  lock                          
000031d5  main                          
0000026d  mallocFromHeap                
000035a3  memcpy                        
00002b6d  mpuFaultIsr                   
200002ac  mutexes                       
00003039  numToStr                      
0000291f  oneshot                       
00002419  parseFields                   
00002945  partOfLengthyFn               
000014b1  pendSvIsr                     
0000235b  pi                            
000022f3  pidof                         
000022db  pkill                         
00001411  post                          
00002333  preempt                       
20000564  preemption                    
20000563  priorityInheritance           
20000562  priorityScheduler             
000023b9  ps                            
0000341d  putcUart0                     
00003439  putsUart0                     
000029f5  readKeys                      
0000283b  readPbs                       
0000139b  restartThread                 
00003571  restoreRegs                   
000010f7  rtosScheduler                 
00003545  runFn                         
0000230b  sched                         
00001b07  selectPinAnalogInput          
00001ab9  selectPinDigitalInput         
00001e23  selectPinInterruptBothEdges   
00001dd3  selectPinInterruptFallingEdge 
00001e79  selectPinInterruptHighLevel   
00001eb3  selectPinInterruptLowLevel    
00001d83  selectPinInterruptRisingEdge  
00001a6b  selectPinOpenDrainOutput      
00001a1d  selectPinPushPullOutput       
200002a0  semaphores                    
0000359d  setExecpLr                    
00001c71  setPinAuxFunction             
00001b57  setPinCommitControl           
00001f59  setPinValue                   
00001fe1  setPortValue                  
000034d1  setPsp                        
000013b5  setThreadPriority             
000033d9  setUart0BaudRate              
0000060d  setupSramAccess               
000020e9  shell                         
000013d1  sleep                         
000011f3  startRtos                     
000013a5  stopThread                    
00003585  storeRegs                     
00002fa5  strCmp                        
00002ff5  strCpy                        
20000558  subregionUseData              
00001515  svCallIsr                     
00001429  systickIsr                    
20000561  taskCount                     
20000560  taskCurrent                   
20000000  tcb                           
00001f7f  togglePinValue                
000030d7  uint32ToHexString             
00002aed  uncooperative                 
000013f5  unlock                        
00002e65  usageFaultIsr                 
00001403  wait                          
00003721  waitMicrosecond               
000013c9  yield                         


GLOBAL SYMBOLS: SORTED BY Symbol Address 

address   name                          
-------   ----                          
00000000  __TI_static_base__            
00000000  g_pfnVectors                  
00000200  __STACK_SIZE                  
0000026d  mallocFromHeap                
0000049b  freeToHeap                    
000005e3  allowFlashAccess              
000005f7  allowPeripheralAccess         
0000060d  setupSramAccess               
0000067f  createNoSramAccessMask        
00000689  addSramAccessWindow           
0000070d  applySramAccessMask           
00000795  calculateBlockRequired        
000007f5  getMallocAddr                 
000008a5  findConsecutiveSpace          
00000e2d  calculateIndex                
00000f81  addAllocation                 
00001009  initMutex                     
0000105f  initSemaphore                 
000010a9  initRtos                      
000010f7  rtosScheduler                 
000011f3  startRtos                     
00001219  createThread                  
0000139b  restartThread                 
000013a5  stopThread                    
000013b5  setThreadPriority             
000013c9  yield                         
000013d1  sleep                         
000013e1  lock                          
000013f5  unlock                        
00001403  wait                          
00001411  post                          
00001429  systickIsr                    
000014b1  pendSvIsr                     
00001515  svCallIsr                     
000018e1  enablePort                    
0000199d  disablePort                   
00001a1d  selectPinPushPullOutput       
00001a6b  selectPinOpenDrainOutput      
00001ab9  selectPinDigitalInput         
00001b07  selectPinAnalogInput          
00001b57  setPinCommitControl           
00001bd3  enablePinPullup               
00001c01  disablePinPullup              
00001c25  enablePinPulldown             
00001c49  disablePinPulldown            
00001c71  setPinAuxFunction             
00001d83  selectPinInterruptRisingEdge  
00001dd3  selectPinInterruptFallingEdge 
00001e23  selectPinInterruptBothEdges   
00001e79  selectPinInterruptHighLevel   
00001eb3  selectPinInterruptLowLevel    
00001eed  enablePinInterrupt            
00001f11  disablePinInterrupt           
00001f35  clearPinInterrupt             
00001f59  setPinValue                   
00001f7f  togglePinValue                
00001fa3  getPinValue                   
00001fe1  setPortValue                  
00002059  getPortValue                  
000020e9  shell                         
000022db  pkill                         
000022f3  pidof                         
0000230b  sched                         
00002333  preempt                       
0000235b  pi                            
00002383  kill                          
000023a9  ipcs                          
000023b9  ps                            
00002419  parseFields                   
0000258b  getFieldString                
00002601  getFieldInteger               
000026b7  isCommand                     
0000272d  initHw                        
0000283b  readPbs                       
000028cd  idle                          
000028f1  flash4Hz                      
0000291f  oneshot                       
00002945  partOfLengthyFn               
00002955  lengthyFn                     
000029f5  readKeys                      
00002aab  debounce                      
00002aed  uncooperative                 
00002b01  errant                        
00002b35  important                     
00002b6d  mpuFaultIsr                   
00002ced  hardFaultIsr                  
00002e51  busFaultIsr                   
00002e65  usageFaultIsr                 
00002fa5  strCmp                        
00002ff5  strCpy                        
00003039  numToStr                      
000030d7  uint32ToHexString             
0000312f  hexStringToUint32             
000031d5  main                          
00003365  initUart0                     
000033d9  setUart0BaudRate              
0000341d  putcUart0                     
00003439  putsUart0                     
00003465  getcUart0                     
00003479  kbhitUart0                    
000034d1  setPsp                        
000034d7  goThreadMode                  
000034e9  getPsp                        
000034ef  getMsp                        
000034f5  getStackDump                  
00003537  goUserMode                    
00003545  runFn                         
00003571  restoreRegs                   
00003585  storeRegs                     
0000359d  setExecpLr                    
000035a3  __aeabi_memcpy                
000035a3  __aeabi_memcpy4               
000035a3  __aeabi_memcpy8               
000035a3  memcpy                        
0000363f  __TI_decompress_lzss          
000036a9  __TI_auto_init_nobinit_nopinit
000036ed  _c_int00_noargs               
00003721  waitMicrosecond               
00003745  __aeabi_llsl                  
00003763  __aeabi_llsr                  
00003781  __TI_zero_init_nomemset       
0000379d  initSystemClockTo40Mhz        
000037ad  __TI_decompress_none          
000037bb  ResetISR                      
000037c5  _system_pre_init              
000037c9  C$$EXIT                       
000037c9  abort                         
000037f0  __TI_Handler_Table_Base       
000037fc  __TI_Handler_Table_Limit      
00003808  __TI_CINIT_Base               
00003818  __TI_CINIT_Limit              
20000000  __start___llvm_prf_cnts       
20000000  __stop___llvm_prf_cnts        
20000000  tcb                           
200002a0  semaphores                    
200002ac  mutexes                       
200002b8  __stack                       
200004b8  __STACK_END                   
200004b8  __STACK_TOP                   
200004b8  allocatedData                 
20000558  subregionUseData              
20000560  taskCurrent                   
20000561  taskCount                     
20000562  priorityScheduler             
20000563  priorityInheritance           
20000564  preemption                    
ffffffff  __TI_pprof_out_hndl           
ffffffff  __TI_prof_data_size           
ffffffff  __TI_prof_data_start          
ffffffff  __binit__                     
ffffffff  __c_args__                    
ffffffff  binit                         
UNDEFED   __mpu_init                    
UNDEFED   _system_post_cinit            

[154 symbols]
